Archive member included to satisfy reference by file (symbol)

/usr/lib/gcc/arm-none-eabi/16.1.0/thumb/v7-m/nofp/libgcc.a(_arm_mulsf3.o)
                              ./OBJ/Target_1/.obj/HARDWARE/data_logger.o (__aeabi_fmul)
/usr/lib/gcc/arm-none-eabi/16.1.0/thumb/v7-m/nofp/libgcc.a(_arm_addsubsf3.o)
                              ./OBJ/Target_1/.obj/HARDWARE/data_logger.o (__aeabi_fsub)
/usr/lib/gcc/arm-none-eabi/16.1.0/thumb/v7-m/nofp/libgcc.a(_arm_cmpsf2.o)
                              ./OBJ/Target_1/.obj/HARDWARE/alarm.o (__aeabi_fcmplt)
/usr/lib/gcc/arm-none-eabi/16.1.0/thumb/v7-m/nofp/libgcc.a(_arm_fixsfsi.o)
                              ./OBJ/Target_1/.obj/HARDWARE/data_logger.o (__aeabi_f2iz)
/usr/lib/gcc/arm-none-eabi/16.1.0/thumb/v7-m/nofp/libgcc.a(_arm_fixunssfsi.o)
                              ./OBJ/Target_1/.obj/HARDWARE/thermohygrometer.o (__aeabi_f2uiz)
/usr/lib/gcc/arm-none-eabi/16.1.0/../../../../arm-none-eabi/lib/thumb/v7-m/nofp/libc_nano.a(libc_a-atexit.o)
                              /usr/lib/gcc/arm-none-eabi/16.1.0/../../../../arm-none-eabi/lib/thumb/v7-m/nofp/crt0.o (atexit)
/usr/lib/gcc/arm-none-eabi/16.1.0/../../../../arm-none-eabi/lib/thumb/v7-m/nofp/libc_nano.a(libc_a-exit.o)
                              /usr/lib/gcc/arm-none-eabi/16.1.0/../../../../arm-none-eabi/lib/thumb/v7-m/nofp/crt0.o (exit)
/usr/lib/gcc/arm-none-eabi/16.1.0/../../../../arm-none-eabi/lib/thumb/v7-m/nofp/libc_nano.a(libc_a-findfp.o)
                              /usr/lib/gcc/arm-none-eabi/16.1.0/../../../../arm-none-eabi/lib/thumb/v7-m/nofp/libc_nano.a(libc_a-exit.o) (__stdio_exit_handler)
/usr/lib/gcc/arm-none-eabi/16.1.0/../../../../arm-none-eabi/lib/thumb/v7-m/nofp/libc_nano.a(libc_a-fwalk.o)
                              /usr/lib/gcc/arm-none-eabi/16.1.0/../../../../arm-none-eabi/lib/thumb/v7-m/nofp/libc_nano.a(libc_a-findfp.o) (_fwalk_sglue)
/usr/lib/gcc/arm-none-eabi/16.1.0/../../../../arm-none-eabi/lib/thumb/v7-m/nofp/libc_nano.a(libc_a-printf.o)
                              ./OBJ/Target_1/.obj/HARDWARE/data_logger.o (printf)
/usr/lib/gcc/arm-none-eabi/16.1.0/../../../../arm-none-eabi/lib/thumb/v7-m/nofp/libc_nano.a(libc_a-puts.o)
                              ./OBJ/Target_1/.obj/HARDWARE/data_logger.o (puts)
/usr/lib/gcc/arm-none-eabi/16.1.0/../../../../arm-none-eabi/lib/thumb/v7-m/nofp/libc_nano.a(libc_a-sprintf.o)
                              ./OBJ/Target_1/.obj/HARDWARE/thermohygrometer.o (sprintf)
/usr/lib/gcc/arm-none-eabi/16.1.0/../../../../arm-none-eabi/lib/thumb/v7-m/nofp/libc_nano.a(libc_a-sscanf.o)
                              ./OBJ/Target_1/.obj/HARDWARE/serial_cmd.o (sscanf)
/usr/lib/gcc/arm-none-eabi/16.1.0/../../../../arm-none-eabi/lib/thumb/v7-m/nofp/libc_nano.a(libc_a-stdio.o)
                              /usr/lib/gcc/arm-none-eabi/16.1.0/../../../../arm-none-eabi/lib/thumb/v7-m/nofp/libc_nano.a(libc_a-findfp.o) (__sread)
/usr/lib/gcc/arm-none-eabi/16.1.0/../../../../arm-none-eabi/lib/thumb/v7-m/nofp/libc_nano.a(libc_a-wbuf.o)
                              /usr/lib/gcc/arm-none-eabi/16.1.0/../../../../arm-none-eabi/lib/thumb/v7-m/nofp/libc_nano.a(libc_a-puts.o) (__swbuf_r)
/usr/lib/gcc/arm-none-eabi/16.1.0/../../../../arm-none-eabi/lib/thumb/v7-m/nofp/libc_nano.a(libc_a-wsetup.o)
                              /usr/lib/gcc/arm-none-eabi/16.1.0/../../../../arm-none-eabi/lib/thumb/v7-m/nofp/libc_nano.a(libc_a-puts.o) (__swsetup_r)
/usr/lib/gcc/arm-none-eabi/16.1.0/../../../../arm-none-eabi/lib/thumb/v7-m/nofp/libc_nano.a(libc_a-memset.o)
                              /usr/lib/gcc/arm-none-eabi/16.1.0/../../../../arm-none-eabi/lib/thumb/v7-m/nofp/crt0.o (memset)
/usr/lib/gcc/arm-none-eabi/16.1.0/../../../../arm-none-eabi/lib/thumb/v7-m/nofp/libc_nano.a(libc_a-strncmp.o)
                              ./OBJ/Target_1/.obj/HARDWARE/serial_cmd.o (strncmp)
/usr/lib/gcc/arm-none-eabi/16.1.0/../../../../arm-none-eabi/lib/thumb/v7-m/nofp/libc_nano.a(libc_a-impure.o)
                              /usr/lib/gcc/arm-none-eabi/16.1.0/../../../../arm-none-eabi/lib/thumb/v7-m/nofp/libc_nano.a(libc_a-printf.o) (_impure_ptr)
/usr/lib/gcc/arm-none-eabi/16.1.0/../../../../arm-none-eabi/lib/thumb/v7-m/nofp/libc_nano.a(libc_a-init.o)
                              /usr/lib/gcc/arm-none-eabi/16.1.0/../../../../arm-none-eabi/lib/thumb/v7-m/nofp/crt0.o (__libc_init_array)
/usr/lib/gcc/arm-none-eabi/16.1.0/../../../../arm-none-eabi/lib/thumb/v7-m/nofp/libc_nano.a(libc_a-fini.o)
                              /usr/lib/gcc/arm-none-eabi/16.1.0/../../../../arm-none-eabi/lib/thumb/v7-m/nofp/crt0.o (__libc_fini_array)
/usr/lib/gcc/arm-none-eabi/16.1.0/../../../../arm-none-eabi/lib/thumb/v7-m/nofp/libc_nano.a(libc_a-lock.o)
                              /usr/lib/gcc/arm-none-eabi/16.1.0/../../../../arm-none-eabi/lib/thumb/v7-m/nofp/libc_nano.a(libc_a-findfp.o) (__retarget_lock_init_recursive)
/usr/lib/gcc/arm-none-eabi/16.1.0/../../../../arm-none-eabi/lib/thumb/v7-m/nofp/libc_nano.a(libc_a-strcmp.o)
[...]
Memory Configuration

Name             Origin             Length             Attributes
RAM              0x20000000         0x0000c000         xrw
FLASH            0x08000000         0x00040000         xr
*default*        0x00000000         0xffffffff

Linker script and memory map

LOAD /usr/lib/gcc/arm-none-eabi/16.1.0/thumb/v7-m/nofp/crti.o
LOAD /usr/lib/gcc/arm-none-eabi/16.1.0/thumb/v7-m/nofp/crtbegin.o
LOAD /usr/lib/gcc/arm-none-eabi/16.1.0/../../../../arm-none-eabi/lib/thumb/v7-m/nofp/crt0.o
LOAD ./OBJ/Target_1/.obj/CORE/core_cm3.o
LOAD ./OBJ/Target_1/.obj/CORE/startup_stm32f10x_hd.o
LOAD ./OBJ/Target_1/.obj/HARDWARE/BEEP.o
LOAD ./OBJ/Target_1/.obj/HARDWARE/DHT11.o
LOAD ./OBJ/Target_1/.obj/HARDWARE/GPIO.o
LOAD ./OBJ/Target_1/.obj/HARDWARE/LED.o
LOAD ./OBJ/Target_1/.obj/HARDWARE/alarm.o
LOAD ./OBJ/Target_1/.obj/HARDWARE/bsp_spi_flash.o
LOAD ./OBJ/Target_1/.obj/HARDWARE/data_logger.o
LOAD ./OBJ/Target_1/.obj/HARDWARE/serial_cmd.o
LOAD ./OBJ/Target_1/.obj/HARDWARE/thermohygrometer.o
LOAD ./OBJ/Target_1/.obj/HARDWARE/usart_console.o
LOAD ./OBJ/Target_1/.obj/STM32F103x_FWLIB/src/misc.o
LOAD ./OBJ/Target_1/.obj/STM32F103x_FWLIB/src/stm32f10x_adc.o
LOAD ./OBJ/Target_1/.obj/STM32F103x_FWLIB/src/stm32f10x_bkp.o
LOAD ./OBJ/Target_1/.obj/STM32F103x_FWLIB/src/stm32f10x_can.o
LOAD ./OBJ/Target_1/.obj/STM32F103x_FWLIB/src/stm32f10x_cec.o
LOAD ./OBJ/Target_1/.obj/STM32F103x_FWLIB/src/stm32f10x_crc.o
LOAD ./OBJ/Target_1/.obj/STM32F103x_FWLIB/src/stm32f10x_dac.o
LOAD ./OBJ/Target_1/.obj/STM32F103x_FWLIB/src/stm32f10x_dbgmcu.o
LOAD ./OBJ/Target_1/.obj/STM32F103x_FWLIB/src/stm32f10x_dma.o
LOAD ./OBJ/Target_1/.obj/STM32F103x_FWLIB/src/stm32f10x_exti.o
LOAD ./OBJ/Target_1/.obj/STM32F103x_FWLIB/src/stm32f10x_flash.o
LOAD ./OBJ/Target_1/.obj/STM32F103x_FWLIB/src/stm32f10x_fsmc.o
LOAD ./OBJ/Target_1/.obj/STM32F103x_FWLIB/src/stm32f10x_gpio.o
LOAD ./OBJ/Target_1/.obj/STM32F103x_FWLIB/src/stm32f10x_i2c.o
LOAD ./OBJ/Target_1/.obj/STM32F103x_FWLIB/src/stm32f10x_iwdg.o
LOAD ./OBJ/Target_1/.obj/STM32F103x_FWLIB/src/stm32f10x_pwr.o
LOAD ./OBJ/Target_1/.obj/STM32F103x_FWLIB/src/stm32f10x_rcc.o
LOAD ./OBJ/Target_1/.obj/STM32F103x_FWLIB/src/stm32f10x_rtc.o
LOAD ./OBJ/Target_1/.obj/STM32F103x_FWLIB/src/stm32f10x_sdio.o
LOAD ./OBJ/Target_1/.obj/STM32F103x_FWLIB/src/stm32f10x_spi.o
LOAD ./OBJ/Target_1/.obj/STM32F103x_FWLIB/src/stm32f10x_tim.o
LOAD ./OBJ/Target_1/.obj/STM32F103x_FWLIB/src/stm32f10x_usart.o
LOAD ./OBJ/Target_1/.obj/STM32F103x_FWLIB/src/stm32f10x_wwdg.o
LOAD ./OBJ/Target_1/.obj/SYSTEM/delay/delay.o
LOAD ./OBJ/Target_1/.obj/USER/font/fonts.o
LOAD ./OBJ/Target_1/.obj/USER/lcd/bsp_ili9341_lcd.o
LOAD ./OBJ/Target_1/.obj/USER/main.o
LOAD ./OBJ/Target_1/.obj/USER/stm32f10x_it.o
LOAD ./OBJ/Target_1/.obj/USER/system_stm32f10x.o
LOAD /usr/lib/gcc/arm-none-eabi/16.1.0/../../../../arm-none-eabi/lib/thumb/v7-m/nofp/libm.a
START GROUP
LOAD /usr/lib/gcc/arm-none-eabi/16.1.0/thumb/v7-m/nofp/libgcc.a
LOAD /usr/lib/gcc/arm-none-eabi/16.1.0/../../../../arm-none-eabi/lib/thumb/v7-m/nofp/libc_nano.a
END GROUP
START GROUP
LOAD /usr/lib/gcc/arm-none-eabi/16.1.0/thumb/v7-m/nofp/libgcc.a
LOAD /usr/lib/gcc/arm-none-eabi/16.1.0/../../../../arm-none-eabi/lib/thumb/v7-m/nofp/libc_nano.a
LOAD /usr/lib/gcc/arm-none-eabi/16.1.0/../../../../arm-none-eabi/lib/thumb/v7-m/nofp/libnosys.a
END GROUP
START GROUP
LOAD /usr/lib/gcc/arm-none-eabi/16.1.0/thumb/v7-m/nofp/libgcc.a
LOAD /usr/lib/gcc/arm-none-eabi/16.1.0/../../../../arm-none-eabi/lib/thumb/v7-m/nofp/libc_nano.a
LOAD /usr/lib/gcc/arm-none-eabi/16.1.0/../../../../arm-none-eabi/lib/thumb/v7-m/nofp/libnosys.a
END GROUP
LOAD /usr/lib/gcc/arm-none-eabi/16.1.0/thumb/v7-m/nofp/crtend.o
LOAD /usr/lib/gcc/arm-none-eabi/16.1.0/thumb/v7-m/nofp/crtn.o
                0x2000c000                        _estack = (ORIGIN (RAM) + LENGTH (RAM))
                0x00000200                        _Min_Heap_Size = 0x200
                0x00000400                        _Min_Stack_Size = 0x400

.isr_vector     0x08000000      0x1e4
                0x08000000                        . = ALIGN (0x4)
 *(.isr_vector)
 .isr_vector    0x08000000      0x1e4 ./OBJ/Target_1/.obj/CORE/startup_stm32f10x_hd.o
                0x08000000                g_pfnVectors
                0x080001e4                        . = ALIGN (0x4)

.text           0x080001e4     0x5640
                0x080001e4                        . = ALIGN (0x4)
 *(.text)
 .text          0x080001e4      0x168 /usr/lib/gcc/arm-none-eabi/16.1.0/thumb/v7-m/nofp/libgcc.a(_arm_mulsf3.o)
                0x080001e4                __mulsf3
                0x080001e4                __aeabi_fmul
 .text          0x0800034c      0x21c /usr/lib/gcc/arm-none-eabi/16.1.0/thumb/v7-m/nofp/libgcc.a(_arm_addsubsf3.o)
                0x0800034c                __aeabi_frsub
                0x08000354                __subsf3
                0x08000354                __aeabi_fsub
                0x08000358                __aeabi_fadd
                0x08000358                __addsf3
                0x080004b8                __aeabi_ui2f
                0x080004b8                __floatunsisf
                0x080004c0                __aeabi_i2f
                0x080004c0                __floatsisf
                0x080004dc                __floatundisf
                0x080004dc                __aeabi_ul2f
                0x080004ec                __floatdisf
                0x080004ec                __aeabi_l2f
 .text          0x08000568       0xec /usr/lib/gcc/arm-none-eabi/16.1.0/thumb/v7-m/nofp/libgcc.a(_arm_cmpsf2.o)
                0x08000568                __gtsf2
                0x08000568                __gesf2
                0x08000570                __lesf2
                0x08000570                __ltsf2
                0x08000578                __nesf2
                0x08000578                __eqsf2
                0x08000578                __cmpsf2
                0x080005d8                __aeabi_cfrcmple
                0x080005e0                __aeabi_cfcmple
                0x080005e0                __aeabi_cfcmpeq
                0x080005f0                __aeabi_fcmpeq
                0x08000604                __aeabi_fcmplt
                0x08000618                __aeabi_fcmple
                0x0800062c                __aeabi_fcmpge
                0x08000640                __aeabi_fcmpgt
 .text          0x08000654       0x4c /usr/lib/gcc/arm-none-eabi/16.1.0/thumb/v7-m/nofp/libgcc.a(_arm_fixsfsi.o)
                0x08000654                __fixsfsi
                0x08000654                __aeabi_f2iz
 .text          0x080006a0       0x40 /usr/lib/gcc/arm-none-eabi/16.1.0/thumb/v7-m/nofp/libgcc.a(_arm_fixunssfsi.o)
                0x080006a0                __aeabi_f2uiz
                0x080006a0                __fixunssfsi
 .text          0x080006e0       0x14 /usr/lib/gcc/arm-none-eabi/16.1.0/../../../../arm-none-eabi/lib/thumb/v7-m/nofp/libc_nano.a(libc_a-strcmp.o)
                0x080006e0                strcmp
 .text          0x080006f4       0x10 /usr/lib/gcc/arm-none-eabi/16.1.0/../../../../arm-none-eabi/lib/thumb/v7-m/nofp/libc_nano.a(libc_a-strlen.o)
                0x080006f4                strlen
 *(.text*)
 .text.__do_global_dtors_aux
                0x08000704       0x24 /usr/lib/gcc/arm-none-eabi/16.1.0/thumb/v7-m/nofp/crtbegin.o
 .text.frame_dummy
                0x08000728       0x1c /usr/lib/gcc/arm-none-eabi/16.1.0/thumb/v7-m/nofp/crtbegin.o
 .text.Reset_Handler
                0x08000744       0x44 ./OBJ/Target_1/.obj/CORE/startup_stm32f10x_hd.o
                0x08000744                Reset_Handler
 .text.Default_Handler
                0x08000788        0x2 ./OBJ/Target_1/.obj/CORE/startup_stm32f10x_hd.o
                0x08000788                EXTI2_IRQHandler
                0x08000788                TIM1_CC_IRQHandler
                0x08000788                PVD_IRQHandler
                0x08000788                EXTI3_IRQHandler
                0x08000788                EXTI0_IRQHandler
                0x08000788                I2C2_EV_IRQHandler
                0x08000788                TIM1_UP_TIM16_IRQHandler
                0x08000788                SPI1_IRQHandler
                0x08000788                TAMPER_IRQHandler
                0x08000788                TIM6_DAC_IRQHandler
                0x08000788                DMA2_Channel2_IRQHandler
                0x08000788                DMA1_Channel4_IRQHandler
                0x08000788                ADC1_IRQHandler
                0x08000788                USART3_IRQHandler
                0x08000788                RTC_IRQHandler
                0x08000788                DMA1_Channel7_IRQHandler
                0x08000788                UART5_IRQHandler
                0x08000788                TIM4_IRQHandler
                0x08000788                DMA2_Channel1_IRQHandler
                0x08000788                I2C1_EV_IRQHandler
                0x08000788                DMA1_Channel6_IRQHandler
                0x08000788                UART4_IRQHandler
                0x08000788                TIM3_IRQHandler
                0x08000788                RCC_IRQHandler
                0x08000788                DMA1_Channel1_IRQHandler
                0x08000788                Default_Handler
                0x08000788                CEC_IRQHandler
                0x08000788                EXTI15_10_IRQHandler
                0x08000788                TIM14_IRQHandler
                0x08000788                TIM13_IRQHandler
                0x08000788                TIM12_IRQHandler
                0x08000788                TIM7_IRQHandler
                0x08000788                TIM5_IRQHandler
                0x08000788                EXTI9_5_IRQHandler
                0x08000788                SPI2_IRQHandler
                0x08000788                DMA2_Channel5_IRQHandler
                0x08000788                DMA1_Channel5_IRQHandler
                0x08000788                EXTI4_IRQHandler
                0x08000788                TIM1_TRG_COM_TIM17_IRQHandler
                0x08000788                DMA1_Channel3_IRQHandler
                0x08000788                FSMC_IRQHandler
                0x08000788                WWDG_IRQHandler
                0x08000788                EXTI1_IRQHandler
                0x08000788                RTCAlarm_IRQHandler
                0x08000788                DMA2_Channel4_5_IRQHandler
                0x08000788                USART2_IRQHandler
                0x08000788                I2C2_ER_IRQHandler
                0x08000788                DMA1_Channel2_IRQHandler
                0x08000788                FLASH_IRQHandler
                0x08000788                SPI3_IRQHandler
                0x08000788                I2C1_ER_IRQHandler
                0x08000788                DMA2_Channel3_IRQHandler
                0x08000788                TIM1_BRK_TIM15_IRQHandler
 *fill*         0x0800078a        0x2 
 .text.Beep_Init
                0x0800078c       0x14 ./OBJ/Target_1/.obj/HARDWARE/BEEP.o
                0x0800078c                Beep_Init
 .text.DHT11_Read_Bit
                0x080007a0       0x54 ./OBJ/Target_1/.obj/HARDWARE/DHT11.o
 .text.DHT11_Read_Byte
                0x080007f4       0x1e ./OBJ/Target_1/.obj/HARDWARE/DHT11.o
 *fill*         0x08000812        0x2 
 .text.DHT11_Mode_Out_PP
                0x08000814       0x14 ./OBJ/Target_1/.obj/HARDWARE/DHT11.o
 .text.DHT11_Rst
                0x08000828       0x28 ./OBJ/Target_1/.obj/HARDWARE/DHT11.o
 .text.DHT11_Mode_IPU
                0x08000850       0x14 ./OBJ/Target_1/.obj/HARDWARE/DHT11.o
 .text.DHT11_Check
                0x08000864       0x54 ./OBJ/Target_1/.obj/HARDWARE/DHT11.o
 .text.DHT11_Init
                0x080008b8       0x14 ./OBJ/Target_1/.obj/HARDWARE/DHT11.o
                0x080008b8                DHT11_Init
 .text.DHT11_Read_Data
                0x080008cc       0x6a ./OBJ/Target_1/.obj/HARDWARE/DHT11.o
                0x080008cc                DHT11_Read_Data
 .text.GPIO_QuickInit
                0x08000936       0x1a ./OBJ/Target_1/.obj/HARDWARE/GPIO.o
                0x08000936                GPIO_QuickInit
 .text.GPIO_QuickInit_FirstTime
                0x08000950       0xa8 ./OBJ/Target_1/.obj/HARDWARE/GPIO.o
                0x08000950                GPIO_QuickInit_FirstTime
 .text.LED_Init
                0x080009f8       0x20 ./OBJ/Target_1/.obj/HARDWARE/LED.o
                0x080009f8                LED_Init
 .text.Alarm_SetFanSpeed
                0x08000a18       0x24 ./OBJ/Target_1/.obj/HARDWARE/alarm.o
 .text._TIM_BaseSetup
                0x08000a3c       0x2e ./OBJ/Target_1/.obj/HARDWARE/alarm.o
 .text._TIM_OCx_PWM_Init
                0x08000a6a       0x7e ./OBJ/Target_1/.obj/HARDWARE/alarm.o
 .text.Alarm_PWM_Init
                0x08000ae8       0x74 ./OBJ/Target_1/.obj/HARDWARE/alarm.o
 .text.Alarm_Fan_Ramp
                0x08000b5c       0x80 ./OBJ/Target_1/.obj/HARDWARE/alarm.o
 .text.Alarm_SetFanManual
                0x08000bdc       0x14 ./OBJ/Target_1/.obj/HARDWARE/alarm.o
                0x08000bdc                Alarm_SetFanManual
 .text.Alarm_Init
                0x08000bf0       0x34 ./OBJ/Target_1/.obj/HARDWARE/alarm.o
                0x08000bf0                Alarm_Init
 .text.Alarm_Check
                0x08000c24       0xa8 ./OBJ/Target_1/.obj/HARDWARE/alarm.o
                0x08000c24                Alarm_Check
 .text.Alarm_Beep_Update
                0x08000ccc       0x8c ./OBJ/Target_1/.obj/HARDWARE/alarm.o
                0x08000ccc                Alarm_Beep_Update
 .text.SPI_TIMEOUT_UserCallback
                0x08000d58        0x4 ./OBJ/Target_1/.obj/HARDWARE/bsp_spi_flash.o
 .text.SPI_FLASH_Init
                0x08000d5c       0xb8 ./OBJ/Target_1/.obj/HARDWARE/bsp_spi_flash.o
                0x08000d5c                SPI_FLASH_Init
 .text.SPI_FLASH_SendByte
                0x08000e14       0x70 ./OBJ/Target_1/.obj/HARDWARE/bsp_spi_flash.o
                0x08000e14                SPI_FLASH_SendByte
 .text.SPI_FLASH_BufferRead
                0x08000e84       0x50 ./OBJ/Target_1/.obj/HARDWARE/bsp_spi_flash.o
                0x08000e84                SPI_FLASH_BufferRead
 .text.SPI_FLASH_ReadID
                0x08000ed4       0x44 ./OBJ/Target_1/.obj/HARDWARE/bsp_spi_flash.o
                0x08000ed4                SPI_FLASH_ReadID
 .text.SPI_FLASH_WriteEnable
                0x08000f18       0x20 ./OBJ/Target_1/.obj/HARDWARE/bsp_spi_flash.o
                0x08000f18                SPI_FLASH_WriteEnable
 .text.SPI_FLASH_WaitForWriteEnd
                0x08000f38       0x2c ./OBJ/Target_1/.obj/HARDWARE/bsp_spi_flash.o
                0x08000f38                SPI_FLASH_WaitForWriteEnd
 .text.SPI_FLASH_SectorErase
                0x08000f64       0x44 ./OBJ/Target_1/.obj/HARDWARE/bsp_spi_flash.o
                0x08000f64                SPI_FLASH_SectorErase
 .text.SPI_FLASH_PageWrite
                0x08000fa8       0x60 ./OBJ/Target_1/.obj/HARDWARE/bsp_spi_flash.o
                0x08000fa8                SPI_FLASH_PageWrite
 .text.SPI_FLASH_BufferWrite
                0x08001008       0xbc ./OBJ/Target_1/.obj/HARDWARE/bsp_spi_flash.o
                0x08001008                SPI_FLASH_BufferWrite
 .text.DL_SectorToAddr
                0x080010c4        0x8 ./OBJ/Target_1/.obj/HARDWARE/data_logger.o
 .text.DL_IsErased32
                0x080010cc       0x20 ./OBJ/Target_1/.obj/HARDWARE/data_logger.o
 .text.DL_ScanForWritePosition
                0x080010ec       0x88 ./OBJ/Target_1/.obj/HARDWARE/data_logger.o
 .text.DL_Init  0x08001174       0x40 ./OBJ/Target_1/.obj/HARDWARE/data_logger.o
                0x08001174                DL_Init
 .text.DL_LogRecord
                0x080011b4       0xe8 ./OBJ/Target_1/.obj/HARDWARE/data_logger.o
                0x080011b4                DL_LogRecord
 .text.DL_GetRecordCount
                0x0800129c        0xc ./OBJ/Target_1/.obj/HARDWARE/data_logger.o
                0x0800129c                DL_GetRecordCount
 .text.DL_ClearAll
                0x080012a8       0x58 ./OBJ/Target_1/.obj/HARDWARE/data_logger.o
                0x080012a8                DL_ClearAll
 .text.DL_ReadRecords
                0x08001300       0x6c ./OBJ/Target_1/.obj/HARDWARE/data_logger.o
                0x08001300                DL_ReadRecords
 .text.SC_ReadByte
                0x0800136c       0x3c ./OBJ/Target_1/.obj/HARDWARE/serial_cmd.o
 .text.SC_ReadLine
                0x080013a8       0x6e ./OBJ/Target_1/.obj/HARDWARE/serial_cmd.o
 *fill*         0x08001416        0x2 
 .text.SC_ParseCommand
                0x08001418      0x39c ./OBJ/Target_1/.obj/HARDWARE/serial_cmd.o
 .text.SC_Init  0x080017b4       0x48 ./OBJ/Target_1/.obj/HARDWARE/serial_cmd.o
                0x080017b4                SC_Init
 .text.SC_GetTempMin
                0x080017fc        0xc ./OBJ/Target_1/.obj/HARDWARE/serial_cmd.o
                0x080017fc                SC_GetTempMin
 .text.SC_GetTempMax
                0x08001808        0xc ./OBJ/Target_1/.obj/HARDWARE/serial_cmd.o
                0x08001808                SC_GetTempMax
 .text.SC_GetHumiMin
                0x08001814        0xc ./OBJ/Target_1/.obj/HARDWARE/serial_cmd.o
                0x08001814                SC_GetHumiMin
 .text.SC_GetHumiMax
                0x08001820        0xc ./OBJ/Target_1/.obj/HARDWARE/serial_cmd.o
                0x08001820                SC_GetHumiMax
 .text.SC_ISR_ReceiveChar
                0x0800182c       0x54 ./OBJ/Target_1/.obj/HARDWARE/serial_cmd.o
                0x0800182c                SC_ISR_ReceiveChar
 .text.SC_Poll  0x08001880       0x1c ./OBJ/Target_1/.obj/HARDWARE/serial_cmd.o
                0x08001880                SC_Poll
 .text.TH_GetComfortEmoticon
                0x0800189c       0x68 ./OBJ/Target_1/.obj/HARDWARE/thermohygrometer.o
 .text.TH_SaveColors
                0x08001904       0x14 ./OBJ/Target_1/.obj/HARDWARE/thermohygrometer.o
 .text.TH_RestoreColors
                0x08001918       0x18 ./OBJ/Target_1/.obj/HARDWARE/thermohygrometer.o
 .text.TH_PlotTempCurve
                0x08001930      0x128 ./OBJ/Target_1/.obj/HARDWARE/thermohygrometer.o
 .text.TH_PlotHumiCurve
                0x08001a58      0x12c ./OBJ/Target_1/.obj/HARDWARE/thermohygrometer.o
 .text.TH_DrawSeparatorLine
                0x08001b84       0x20 ./OBJ/Target_1/.obj/HARDWARE/thermohygrometer.o
 .text.TH_ShowCurrentValues
                0x08001ba4       0xd0 ./OBJ/Target_1/.obj/HARDWARE/thermohygrometer.o
 .text.TH_DrawGridDash
                0x08001c74       0x3e ./OBJ/Target_1/.obj/HARDWARE/thermohygrometer.o
 *fill*         0x08001cb2        0x2 
 .text.TH_DrawTempCoordSystem
                0x08001cb4       0xf0 ./OBJ/Target_1/.obj/HARDWARE/thermohygrometer.o
 .text.TH_DrawHumiCoordSystem
                0x08001da4      0x104 ./OBJ/Target_1/.obj/HARDWARE/thermohygrometer.o
 .text.TH_GetTemperature
                0x08001ea8        0xc ./OBJ/Target_1/.obj/HARDWARE/thermohygrometer.o
                0x08001ea8                TH_GetTemperature
 .text.TH_GetHumidity
                0x08001eb4        0xc ./OBJ/Target_1/.obj/HARDWARE/thermohygrometer.o
                0x08001eb4                TH_GetHumidity
 .text.TH_IsDataValid
                0x08001ec0        0xc ./OBJ/Target_1/.obj/HARDWARE/thermohygrometer.o
                0x08001ec0                TH_IsDataValid
 .text.TH_DrawCoordSystem
                0x08001ecc       0x10 ./OBJ/Target_1/.obj/HARDWARE/thermohygrometer.o
                0x08001ecc                TH_DrawCoordSystem
 .text.TH_Init  0x08001edc       0x34 ./OBJ/Target_1/.obj/HARDWARE/thermohygrometer.o
                0x08001edc                TH_Init
 .text.TH_ResetData
                0x08001f10       0x1c ./OBJ/Target_1/.obj/HARDWARE/thermohygrometer.o
                0x08001f10                TH_ResetData
 .text.TH_Update
                0x08001f2c      0x104 ./OBJ/Target_1/.obj/HARDWARE/thermohygrometer.o
                0x08001f2c                TH_Update
 .text.USART_Console_Init
                0x08002030       0x80 ./OBJ/Target_1/.obj/HARDWARE/usart_console.o
                0x08002030                USART_Console_Init
 .text._write_r
                0x080020b0       0x3c ./OBJ/Target_1/.obj/HARDWARE/usart_console.o
                0x080020b0                _write_r
 .text._close_r
                0x080020ec        0x4 ./OBJ/Target_1/.obj/HARDWARE/usart_console.o
                0x080020ec                _close_r
 .text._lseek_r
                0x080020f0        0xa ./OBJ/Target_1/.obj/HARDWARE/usart_console.o
                0x080020f0                _lseek_r
 .text._read_r  0x080020fa        0xa ./OBJ/Target_1/.obj/HARDWARE/usart_console.o
                0x080020fa                _read_r
 .text._fstat_r
                0x08002104        0xa ./OBJ/Target_1/.obj/HARDWARE/usart_console.o
                0x08002104                _fstat_r
 .text._isatty_r
                0x0800210e       0x12 ./OBJ/Target_1/.obj/HARDWARE/usart_console.o
                0x0800210e                _isatty_r
 .text.NVIC_Init
                0x08002120       0x60 ./OBJ/Target_1/.obj/STM32F103x_FWLIB/src/misc.o
                0x08002120                NVIC_Init
 .text.SysTick_CLKSourceConfig
                0x08002180       0x20 ./OBJ/Target_1/.obj/STM32F103x_FWLIB/src/misc.o
                0x08002180                SysTick_CLKSourceConfig
 .text.GPIO_Init
                0x080021a0       0xb0 ./OBJ/Target_1/.obj/STM32F103x_FWLIB/src/stm32f10x_gpio.o
                0x080021a0                GPIO_Init
 .text.GPIO_ReadInputDataBit
                0x08002250        0xe ./OBJ/Target_1/.obj/STM32F103x_FWLIB/src/stm32f10x_gpio.o
                0x08002250                GPIO_ReadInputDataBit
 .text.GPIO_ReadOutputDataBit
                0x0800225e        0xe ./OBJ/Target_1/.obj/STM32F103x_FWLIB/src/stm32f10x_gpio.o
                0x0800225e                GPIO_ReadOutputDataBit
 .text.GPIO_SetBits
                0x0800226c        0x4 ./OBJ/Target_1/.obj/STM32F103x_FWLIB/src/stm32f10x_gpio.o
                0x0800226c                GPIO_SetBits
 .text.GPIO_ResetBits
                0x08002270        0x4 ./OBJ/Target_1/.obj/STM32F103x_FWLIB/src/stm32f10x_gpio.o
                0x08002270                GPIO_ResetBits
 .text.GPIO_PinRemapConfig
                0x08002274       0x80 ./OBJ/Target_1/.obj/STM32F103x_FWLIB/src/stm32f10x_gpio.o
                0x08002274                GPIO_PinRemapConfig
 .text.RCC_GetClocksFreq
                0x080022f4       0xb8 ./OBJ/Target_1/.obj/STM32F103x_FWLIB/src/stm32f10x_rcc.o
                0x080022f4                RCC_GetClocksFreq
 .text.RCC_APB2PeriphClockCmd
                0x080023ac       0x1c ./OBJ/Target_1/.obj/STM32F103x_FWLIB/src/stm32f10x_rcc.o
                0x080023ac                RCC_APB2PeriphClockCmd
 .text.RCC_APB1PeriphClockCmd
                0x080023c8       0x1c ./OBJ/Target_1/.obj/STM32F103x_FWLIB/src/stm32f10x_rcc.o
                0x080023c8                RCC_APB1PeriphClockCmd
 .text.SPI_Init
                0x080023e4       0x4a ./OBJ/Target_1/.obj/STM32F103x_FWLIB/src/stm32f10x_spi.o
                0x080023e4                SPI_Init
 .text.SPI_Cmd  0x0800242e       0x16 ./OBJ/Target_1/.obj/STM32F103x_FWLIB/src/stm32f10x_spi.o
                0x0800242e                SPI_Cmd
 .text.SPI_I2S_SendData
                0x08002444        0x4 ./OBJ/Target_1/.obj/STM32F103x_FWLIB/src/stm32f10x_spi.o
                0x08002444                SPI_I2S_SendData
 .text.SPI_I2S_ReceiveData
                0x08002448        0x4 ./OBJ/Target_1/.obj/STM32F103x_FWLIB/src/stm32f10x_spi.o
                0x08002448                SPI_I2S_ReceiveData
 .text.SPI_I2S_GetFlagStatus
                0x0800244c        0xe ./OBJ/Target_1/.obj/STM32F103x_FWLIB/src/stm32f10x_spi.o
                0x0800244c                SPI_I2S_GetFlagStatus
 *fill*         0x0800245a        0x2 
 .text.TIM_TimeBaseInit
                0x0800245c       0x90 ./OBJ/Target_1/.obj/STM32F103x_FWLIB/src/stm32f10x_tim.o
                0x0800245c                TIM_TimeBaseInit
 .text.TIM_OC1Init
                0x080024ec       0x84 ./OBJ/Target_1/.obj/STM32F103x_FWLIB/src/stm32f10x_tim.o
                0x080024ec                TIM_OC1Init
 .text.TIM_OC2Init
                0x08002570       0x88 ./OBJ/Target_1/.obj/STM32F103x_FWLIB/src/stm32f10x_tim.o
                0x08002570                TIM_OC2Init
 .text.TIM_OC3Init
                0x080025f8       0x84 ./OBJ/Target_1/.obj/STM32F103x_FWLIB/src/stm32f10x_tim.o
                0x080025f8                TIM_OC3Init
 .text.TIM_OC4Init
                0x0800267c       0x70 ./OBJ/Target_1/.obj/STM32F103x_FWLIB/src/stm32f10x_tim.o
                0x0800267c                TIM_OC4Init
 .text.TIM_Cmd  0x080026ec       0x16 ./OBJ/Target_1/.obj/STM32F103x_FWLIB/src/stm32f10x_tim.o
                0x080026ec                TIM_Cmd
 .text.TIM_ITConfig
                0x08002702       0x1a ./OBJ/Target_1/.obj/STM32F103x_FWLIB/src/stm32f10x_tim.o
                0x08002702                TIM_ITConfig
 .text.TIM_OC1PreloadConfig
                0x0800271c        0xc ./OBJ/Target_1/.obj/STM32F103x_FWLIB/src/stm32f10x_tim.o
                0x0800271c                TIM_OC1PreloadConfig
 .text.TIM_OC2PreloadConfig
                0x08002728       0x10 ./OBJ/Target_1/.obj/STM32F103x_FWLIB/src/stm32f10x_tim.o
                0x08002728                TIM_OC2PreloadConfig
 .text.TIM_OC3PreloadConfig
                0x08002738        0xc ./OBJ/Target_1/.obj/STM32F103x_FWLIB/src/stm32f10x_tim.o
                0x08002738                TIM_OC3PreloadConfig
 .text.TIM_OC4PreloadConfig
                0x08002744       0x10 ./OBJ/Target_1/.obj/STM32F103x_FWLIB/src/stm32f10x_tim.o
                0x08002744                TIM_OC4PreloadConfig
 .text.TIM_SetCompare4
                0x08002754        0x6 ./OBJ/Target_1/.obj/STM32F103x_FWLIB/src/stm32f10x_tim.o
                0x08002754                TIM_SetCompare4
 .text.TIM_GetITStatus
                0x0800275a       0x18 ./OBJ/Target_1/.obj/STM32F103x_FWLIB/src/stm32f10x_tim.o
                0x0800275a                TIM_GetITStatus
 .text.TIM_ClearITPendingBit
                0x08002772        0xc ./OBJ/Target_1/.obj/STM32F103x_FWLIB/src/stm32f10x_tim.o
                0x08002772                TIM_ClearITPendingBit
 *fill*         0x0800277e        0x2 
 .text.USART_Init
                0x08002780       0xbc ./OBJ/Target_1/.obj/STM32F103x_FWLIB/src/stm32f10x_usart.o
                0x08002780                USART_Init
 .text.USART_Cmd
                0x0800283c       0x16 ./OBJ/Target_1/.obj/STM32F103x_FWLIB/src/stm32f10x_usart.o
                0x0800283c                USART_Cmd
 .text.USART_ITConfig
                0x08002852       0x36 ./OBJ/Target_1/.obj/STM32F103x_FWLIB/src/stm32f10x_usart.o
                0x08002852                USART_ITConfig
 .text.USART_SendData
                0x08002888        0x8 ./OBJ/Target_1/.obj/STM32F103x_FWLIB/src/stm32f10x_usart.o
                0x08002888                USART_SendData
 .text.USART_ReceiveData
                0x08002890        0x8 ./OBJ/Target_1/.obj/STM32F103x_FWLIB/src/stm32f10x_usart.o
                0x08002890                USART_ReceiveData
 .text.USART_GetFlagStatus
                0x08002898        0xe ./OBJ/Target_1/.obj/STM32F103x_FWLIB/src/stm32f10x_usart.o
                0x08002898                USART_GetFlagStatus
 .text.USART_GetITStatus
                0x080028a6       0x40 ./OBJ/Target_1/.obj/STM32F103x_FWLIB/src/stm32f10x_usart.o
                0x080028a6                USART_GetITStatus
 *fill*         0x080028e6        0x2 
 .text.delay_init
                0x080028e8       0x3c ./OBJ/Target_1/.obj/SYSTEM/delay/delay.o
                0x080028e8                delay_init
 .text.delay_us
                0x08002924       0x44 ./OBJ/Target_1/.obj/SYSTEM/delay/delay.o
                0x08002924                delay_us
 .text.delay_ms
                0x08002968       0x44 ./OBJ/Target_1/.obj/SYSTEM/delay/delay.o
                0x08002968                delay_ms
 .text.ILI9341_Delay
                0x080029ac       0x16 ./OBJ/Target_1/.obj/USER/lcd/bsp_ili9341_lcd.o
 *fill*         0x080029c2        0x2 
 .text.ILI9341_REG_Config
                0x080029c4      0x7c4 ./OBJ/Target_1/.obj/USER/lcd/bsp_ili9341_lcd.o
 .text.ILI9341_FillColor
                0x08003188       0x54 ./OBJ/Target_1/.obj/USER/lcd/bsp_ili9341_lcd.o
 .text.ILI9341_GPIO_Config
                0x080031dc       0x94 ./OBJ/Target_1/.obj/USER/lcd/bsp_ili9341_lcd.o
 .text.ILI9341_Read_Data
                0x08003270       0x48 ./OBJ/Target_1/.obj/USER/lcd/bsp_ili9341_lcd.o
                0x08003270                ILI9341_Read_Data
 .text.ILI9341_Read_ID
                0x080032b8       0x40 ./OBJ/Target_1/.obj/USER/lcd/bsp_ili9341_lcd.o
                0x080032b8                ILI9341_Read_ID
 .text.ILI9341_BackLed_Control
                0x080032f8       0x1c ./OBJ/Target_1/.obj/USER/lcd/bsp_ili9341_lcd.o
                0x080032f8                ILI9341_BackLed_Control
 .text.ILI9341_GramScan
                0x08003314      0x170 ./OBJ/Target_1/.obj/USER/lcd/bsp_ili9341_lcd.o
                0x08003314                ILI9341_GramScan
 .text.ILI9341_Init
                0x08003484       0x2c ./OBJ/Target_1/.obj/USER/lcd/bsp_ili9341_lcd.o
                0x08003484                ILI9341_Init
 .text.ILI9341_OpenWindow
                0x080034b0       0xec ./OBJ/Target_1/.obj/USER/lcd/bsp_ili9341_lcd.o
                0x080034b0                ILI9341_OpenWindow
 .text.ILI9341_SetCursor
                0x0800359c        0xc ./OBJ/Target_1/.obj/USER/lcd/bsp_ili9341_lcd.o
 .text.ILI9341_Clear
                0x080035a8       0x20 ./OBJ/Target_1/.obj/USER/lcd/bsp_ili9341_lcd.o
                0x080035a8                ILI9341_Clear
 .text.ILI9341_SetPointPixel
                0x080035c8       0x30 ./OBJ/Target_1/.obj/USER/lcd/bsp_ili9341_lcd.o
                0x080035c8                ILI9341_SetPointPixel
 .text.ILI9341_DrawLine
                0x080035f8       0xa2 ./OBJ/Target_1/.obj/USER/lcd/bsp_ili9341_lcd.o
                0x080035f8                ILI9341_DrawLine
 *fill*         0x0800369a        0x2 
 .text.ILI9341_DrawRectangle
                0x0800369c       0x68 ./OBJ/Target_1/.obj/USER/lcd/bsp_ili9341_lcd.o
                0x0800369c                ILI9341_DrawRectangle
 .text.ILI9341_DispChar_EN
                0x08003704       0xc0 ./OBJ/Target_1/.obj/USER/lcd/bsp_ili9341_lcd.o
                0x08003704                ILI9341_DispChar_EN
 .text.ILI9341_DispString_EN
                0x080037c4       0x5c ./OBJ/Target_1/.obj/USER/lcd/bsp_ili9341_lcd.o
                0x080037c4                ILI9341_DispString_EN
 .text.LCD_SetColors
                0x08003820       0x14 ./OBJ/Target_1/.obj/USER/lcd/bsp_ili9341_lcd.o
                0x08003820                LCD_SetColors
 .text.LCD_GetColors
                0x08003834       0x18 ./OBJ/Target_1/.obj/USER/lcd/bsp_ili9341_lcd.o
                0x08003834                LCD_GetColors
 .text.LCD_SetTextColor
                0x0800384c        0xc ./OBJ/Target_1/.obj/USER/lcd/bsp_ili9341_lcd.o
                0x0800384c                LCD_SetTextColor
 .text.LCD_SetBackColor
                0x08003858        0xc ./OBJ/Target_1/.obj/USER/lcd/bsp_ili9341_lcd.o
                0x08003858                LCD_SetBackColor
 .text.Button_Init
                0x08003864       0x28 ./OBJ/Target_1/.obj/USER/main.o
 .text.TIM2_Init
                0x0800388c       0x68 ./OBJ/Target_1/.obj/USER/main.o
 .text.Process_Sensor
                0x080038f4       0xdc ./OBJ/Target_1/.obj/USER/main.o
 .text.Process_Logging
                0x080039d0       0x30 ./OBJ/Target_1/.obj/USER/main.o
 .text.K2_ClearAction
                0x08003a00       0x24 ./OBJ/Target_1/.obj/USER/main.o
                0x08003a00                K2_ClearAction
 .text.Process_Buttons
                0x08003a24       0x7c ./OBJ/Target_1/.obj/USER/main.o
 .text.Modules_Initialize
                0x08003aa0       0x2c ./OBJ/Target_1/.obj/USER/main.o
                0x08003aa0                Modules_Initialize
 .text.main     0x08003acc       0x88 ./OBJ/Target_1/.obj/USER/main.o
                0x08003acc                main
 .text.NMI_Handler
                0x08003b54        0x2 ./OBJ/Target_1/.obj/USER/stm32f10x_it.o
                0x08003b54                NMI_Handler
 .text.HardFault_Handler
                0x08003b56        0x2 ./OBJ/Target_1/.obj/USER/stm32f10x_it.o
                0x08003b56                HardFault_Handler
 .text.MemManage_Handler
                0x08003b58        0x2 ./OBJ/Target_1/.obj/USER/stm32f10x_it.o
                0x08003b58                MemManage_Handler
 .text.BusFault_Handler
                0x08003b5a        0x2 ./OBJ/Target_1/.obj/USER/stm32f10x_it.o
                0x08003b5a                BusFault_Handler
 .text.UsageFault_Handler
                0x08003b5c        0x2 ./OBJ/Target_1/.obj/USER/stm32f10x_it.o
                0x08003b5c                UsageFault_Handler
 .text.SVC_Handler
                0x08003b5e        0x2 ./OBJ/Target_1/.obj/USER/stm32f10x_it.o
                0x08003b5e                SVC_Handler
 .text.DebugMon_Handler
                0x08003b60        0x2 ./OBJ/Target_1/.obj/USER/stm32f10x_it.o
                0x08003b60                DebugMon_Handler
 .text.PendSV_Handler
                0x08003b62        0x2 ./OBJ/Target_1/.obj/USER/stm32f10x_it.o
                0x08003b62                PendSV_Handler
 .text.SysTick_Handler
                0x08003b64        0x2 ./OBJ/Target_1/.obj/USER/stm32f10x_it.o
                0x08003b64                SysTick_Handler
 *fill*         0x08003b66        0x2 
 .text.TIM2_IRQHandler
                0x08003b68       0x78 ./OBJ/Target_1/.obj/USER/stm32f10x_it.o
                0x08003b68                TIM2_IRQHandler
 .text.USART1_IRQHandler
                0x08003be0       0x24 ./OBJ/Target_1/.obj/USER/stm32f10x_it.o
                0x08003be0                USART1_IRQHandler
 .text.SetSysClockTo72
                0x08003c04       0xc4 ./OBJ/Target_1/.obj/USER/system_stm32f10x.o
 .text.SetSysClock
                0x08003cc8        0x8 ./OBJ/Target_1/.obj/USER/system_stm32f10x.o
 .text.SystemInit
                0x08003cd0       0x50 ./OBJ/Target_1/.obj/USER/system_stm32f10x.o
                0x08003cd0                SystemInit
 .text.std      0x08003d20       0x6c /usr/lib/gcc/arm-none-eabi/16.1.0/../../../../arm-none-eabi/lib/thumb/v7-m/nofp/libc_nano.a(libc_a-findfp.o)
 .text.stdio_exit_handler
                0x08003d8c       0x18 /usr/lib/gcc/arm-none-eabi/16.1.0/../../../../arm-none-eabi/lib/thumb/v7-m/nofp/libc_nano.a(libc_a-findfp.o)
 .text.cleanup_stdio
                0x08003da4       0x40 /usr/lib/gcc/arm-none-eabi/16.1.0/../../../../arm-none-eabi/lib/thumb/v7-m/nofp/libc_nano.a(libc_a-findfp.o)
 .text.global_stdio_init.part.0
                0x08003de4       0x40 /usr/lib/gcc/arm-none-eabi/16.1.0/../../../../arm-none-eabi/lib/thumb/v7-m/nofp/libc_nano.a(libc_a-findfp.o)
 .text.__sfp_lock_acquire
                0x08003e24        0xc /usr/lib/gcc/arm-none-eabi/16.1.0/../../../../arm-none-eabi/lib/thumb/v7-m/nofp/libc_nano.a(libc_a-findfp.o)
                0x08003e24                __sfp_lock_acquire
 .text.__sfp_lock_release
                0x08003e30        0xc /usr/lib/gcc/arm-none-eabi/16.1.0/../../../../arm-none-eabi/lib/thumb/v7-m/nofp/libc_nano.a(libc_a-findfp.o)
                0x08003e30                __sfp_lock_release
 .text.__sinit  0x08003e3c       0x30 /usr/lib/gcc/arm-none-eabi/16.1.0/../../../../arm-none-eabi/lib/thumb/v7-m/nofp/libc_nano.a(libc_a-findfp.o)
                0x08003e3c                __sinit
 .text._fwalk_sglue
                0x08003e6c       0x3a /usr/lib/gcc/arm-none-eabi/16.1.0/../../../../arm-none-eabi/lib/thumb/v7-m/nofp/libc_nano.a(libc_a-fwalk.o)
                0x08003e6c                _fwalk_sglue
 *fill*         0x08003ea6        0x2 
 .text.printf   0x08003ea8       0x24 /usr/lib/gcc/arm-none-eabi/16.1.0/../../../../arm-none-eabi/lib/thumb/v7-m/nofp/libc_nano.a(libc_a-printf.o)
                0x08003ea8                printf
                0x08003ea8                iprintf
 .text._puts_r  0x08003ecc       0xb0 /usr/lib/gcc/arm-none-eabi/16.1.0/../../../../arm-none-eabi/lib/thumb/v7-m/nofp/libc_nano.a(libc_a-puts.o)
                0x08003ecc                _puts_r
 .text.puts     0x08003f7c       0x10 /usr/lib/gcc/arm-none-eabi/16.1.0/../../../../arm-none-eabi/lib/thumb/v7-m/nofp/libc_nano.a(libc_a-puts.o)
                0x08003f7c                puts
 .text.sprintf  0x08003f8c       0x44 /usr/lib/gcc/arm-none-eabi/16.1.0/../../../../arm-none-eabi/lib/thumb/v7-m/nofp/libc_nano.a(libc_a-sprintf.o)
                0x08003f8c                sprintf
                0x08003f8c                siprintf
 .text.sscanf   0x08003fd0       0x58 /usr/lib/gcc/arm-none-eabi/16.1.0/../../../../arm-none-eabi/lib/thumb/v7-m/nofp/libc_nano.a(libc_a-sscanf.o)
                0x08003fd0                sscanf
                0x08003fd0                siscanf
 .text.__sread  0x08004028       0x22 /usr/lib/gcc/arm-none-eabi/16.1.0/../../../../arm-none-eabi/lib/thumb/v7-m/nofp/libc_nano.a(libc_a-stdio.o)
                0x08004028                __sread
 .text.__seofread
                0x0800404a        0x4 /usr/lib/gcc/arm-none-eabi/16.1.0/../../../../arm-none-eabi/lib/thumb/v7-m/nofp/libc_nano.a(libc_a-stdio.o)
                0x0800404a                __seofread
 .text.__swrite
                0x0800404e       0x38 /usr/lib/gcc/arm-none-eabi/16.1.0/../../../../arm-none-eabi/lib/thumb/v7-m/nofp/libc_nano.a(libc_a-stdio.o)
                0x0800404e                __swrite
 .text.__sseek  0x08004086       0x26 /usr/lib/gcc/arm-none-eabi/16.1.0/../../../../arm-none-eabi/lib/thumb/v7-m/nofp/libc_nano.a(libc_a-stdio.o)
                0x08004086                __sseek
 .text.__sclose
                0x080040ac        0x8 /usr/lib/gcc/arm-none-eabi/16.1.0/../../../../arm-none-eabi/lib/thumb/v7-m/nofp/libc_nano.a(libc_a-stdio.o)
                0x080040ac                __sclose
 .text.__swbuf_r
                0x080040b4       0x7e /usr/lib/gcc/arm-none-eabi/16.1.0/../../../../arm-none-eabi/lib/thumb/v7-m/nofp/libc_nano.a(libc_a-wbuf.o)
                0x080040b4                __swbuf_r
 *fill*         0x08004132        0x2 
 .text.__swsetup_r
                0x08004134       0xa8 /usr/lib/gcc/arm-none-eabi/16.1.0/../../../../arm-none-eabi/lib/thumb/v7-m/nofp/libc_nano.a(libc_a-wsetup.o)
                0x08004134                __swsetup_r
 .text.memset   0x080041dc       0x10 /usr/lib/gcc/arm-none-eabi/16.1.0/../../../../arm-none-eabi/lib/thumb/v7-m/nofp/libc_nano.a(libc_a-memset.o)
                0x080041dc                memset
 .text.strncmp  0x080041ec       0x24 /usr/lib/gcc/arm-none-eabi/16.1.0/../../../../arm-none-eabi/lib/thumb/v7-m/nofp/libc_nano.a(libc_a-strncmp.o)
                0x080041ec                strncmp
 .text.__retarget_lock_init_recursive
                0x08004210        0x2 /usr/lib/gcc/arm-none-eabi/16.1.0/../../../../arm-none-eabi/lib/thumb/v7-m/nofp/libc_nano.a(libc_a-lock.o)
                0x08004210                __retarget_lock_init_recursive
 .text.__retarget_lock_acquire_recursive
                0x08004212        0x2 /usr/lib/gcc/arm-none-eabi/16.1.0/../../../../arm-none-eabi/lib/thumb/v7-m/nofp/libc_nano.a(libc_a-lock.o)
                0x08004212                __retarget_lock_acquire_recursive
 .text.__retarget_lock_release_recursive
                0x08004214        0x2 /usr/lib/gcc/arm-none-eabi/16.1.0/../../../../arm-none-eabi/lib/thumb/v7-m/nofp/libc_nano.a(libc_a-lock.o)
                0x08004214                __retarget_lock_release_recursive
 *fill*         0x08004216        0x2 
 .text._free_r  0x08004218       0x94 /usr/lib/gcc/arm-none-eabi/16.1.0/../../../../arm-none-eabi/lib/thumb/v7-m/nofp/libc_nano.a(libc_a-freer.o)
                0x08004218                _free_r
 .text.sbrk_aligned
                0x080042ac       0x44 /usr/lib/gcc/arm-none-eabi/16.1.0/../../../../arm-none-eabi/lib/thumb/v7-m/nofp/libc_nano.a(libc_a-mallocr.o)
 .text._malloc_r
                0x080042f0      0x100 /usr/lib/gcc/arm-none-eabi/16.1.0/../../../../arm-none-eabi/lib/thumb/v7-m/nofp/libc_nano.a(libc_a-mallocr.o)
                0x080042f0                _malloc_r
 .text.__malloc_lock
                0x080043f0        0xc /usr/lib/gcc/arm-none-eabi/16.1.0/../../../../arm-none-eabi/lib/thumb/v7-m/nofp/libc_nano.a(libc_a-mlock.o)
                0x080043f0                __malloc_lock
 .text.__malloc_unlock
                0x080043fc        0xc /usr/lib/gcc/arm-none-eabi/16.1.0/../../../../arm-none-eabi/lib/thumb/v7-m/nofp/libc_nano.a(libc_a-mlock.o)
                0x080043fc                __malloc_unlock
 .text.__ssputs_r
                0x08004408       0xc6 /usr/lib/gcc/arm-none-eabi/16.1.0/../../../../arm-none-eabi/lib/thumb/v7-m/nofp/libc_nano.a(libc_a-nano-svfprintf.o)
                0x08004408                __ssputs_r
 *fill*         0x080044ce        0x2 
 .text._svfprintf_r
                0x080044d0      0x1f0 /usr/lib/gcc/arm-none-eabi/16.1.0/../../../../arm-none-eabi/lib/thumb/v7-m/nofp/libc_nano.a(libc_a-nano-svfprintf.o)
                0x080044d0                _svfprintf_r
                0x080044d0                _svfiprintf_r
 .text._sungetc_r
                0x080046c0       0x78 /usr/lib/gcc/arm-none-eabi/16.1.0/../../../../arm-none-eabi/lib/thumb/v7-m/nofp/libc_nano.a(libc_a-nano-svfscanf.o)
                0x080046c0                _sungetc_r
 .text.__ssrefill_r
                0x08004738       0x3a /usr/lib/gcc/arm-none-eabi/16.1.0/../../../../arm-none-eabi/lib/thumb/v7-m/nofp/libc_nano.a(libc_a-nano-svfscanf.o)
                0x08004738                __ssrefill_r
 *fill*         0x08004772        0x2 
 .text.__ssvfscanf_r
                0x08004774      0x280 /usr/lib/gcc/arm-none-eabi/16.1.0/../../../../arm-none-eabi/lib/thumb/v7-m/nofp/libc_nano.a(libc_a-nano-svfscanf.o)
                0x08004774                __ssvfscanf_r
                0x08004774                __ssvfiscanf_r
 .text.__sfputc_r
                0x080049f4       0x28 /usr/lib/gcc/arm-none-eabi/16.1.0/../../../../arm-none-eabi/lib/thumb/v7-m/nofp/libc_nano.a(libc_a-nano-vfprintf.o)
 .text.__sfputs_r
                0x08004a1c       0x24 /usr/lib/gcc/arm-none-eabi/16.1.0/../../../../arm-none-eabi/lib/thumb/v7-m/nofp/libc_nano.a(libc_a-nano-vfprintf.o)
                0x08004a1c                __sfputs_r
 .text._vfprintf_r
                0x08004a40      0x228 /usr/lib/gcc/arm-none-eabi/16.1.0/../../../../arm-none-eabi/lib/thumb/v7-m/nofp/libc_nano.a(libc_a-nano-vfprintf.o)
                0x08004a40                _vfiprintf_r
                0x08004a40                _vfprintf_r
 .text._printf_common
                0x08004c68       0xd4 /usr/lib/gcc/arm-none-eabi/16.1.0/../../../../arm-none-eabi/lib/thumb/v7-m/nofp/libc_nano.a(libc_a-nano-vfprintf_i.o)
                0x08004c68                _printf_common
 .text._printf_i
                0x08004d3c      0x258 /usr/lib/gcc/arm-none-eabi/16.1.0/../../../../arm-none-eabi/lib/thumb/v7-m/nofp/libc_nano.a(libc_a-nano-vfprintf_i.o)
                0x08004d3c                _printf_i
 .text._scanf_chars
                0x08004f94       0xb4 /usr/lib/gcc/arm-none-eabi/16.1.0/../../../../arm-none-eabi/lib/thumb/v7-m/nofp/libc_nano.a(libc_a-nano-vfscanf_i.o)
                0x08004f94                _scanf_chars
 .text._scanf_i
                0x08005048      0x1d4 /usr/lib/gcc/arm-none-eabi/16.1.0/../../../../arm-none-eabi/lib/thumb/v7-m/nofp/libc_nano.a(libc_a-nano-vfscanf_i.o)
                0x08005048                _scanf_i
 .text.__sflush_r
                0x0800521c      0x104 /usr/lib/gcc/arm-none-eabi/16.1.0/../../../../arm-none-eabi/lib/thumb/v7-m/nofp/libc_nano.a(libc_a-fflush.o)
                0x0800521c                __sflush_r
 .text._fflush_r
                0x08005320       0x50 /usr/lib/gcc/arm-none-eabi/16.1.0/../../../../arm-none-eabi/lib/thumb/v7-m/nofp/libc_nano.a(libc_a-fflush.o)
                0x08005320                _fflush_r
 .text.__swhatbuf_r
                0x08005370       0x4a /usr/lib/gcc/arm-none-eabi/16.1.0/../../../../arm-none-eabi/lib/thumb/v7-m/nofp/libc_nano.a(libc_a-makebuf.o)
                0x08005370                __swhatbuf_r
 .text.__smakebuf_r
                0x080053ba       0x72 /usr/lib/gcc/arm-none-eabi/16.1.0/../../../../arm-none-eabi/lib/thumb/v7-m/nofp/libc_nano.a(libc_a-makebuf.o)
                0x080053ba                __smakebuf_r
 .text.__sccl   0x0800542c       0x78 /usr/lib/gcc/arm-none-eabi/16.1.0/../../../../arm-none-eabi/lib/thumb/v7-m/nofp/libc_nano.a(libc_a-sccl.o)
                0x0800542c                __sccl
 .text.__submore
                0x080054a4       0x70 /usr/lib/gcc/arm-none-eabi/16.1.0/../../../../arm-none-eabi/lib/thumb/v7-m/nofp/libc_nano.a(libc_a-ungetc.o)
                0x080054a4                __submore
 .text.memmove  0x08005514       0x32 /usr/lib/gcc/arm-none-eabi/16.1.0/../../../../arm-none-eabi/lib/thumb/v7-m/nofp/libc_nano.a(libc_a-memmove.o)
                0x08005514                memmove
 *fill*         0x08005546        0x2 
 .text._sbrk_r  0x08005548       0x20 /usr/lib/gcc/arm-none-eabi/16.1.0/../../../../arm-none-eabi/lib/thumb/v7-m/nofp/libc_nano.a(libc_a-sbrkr.o)
                0x08005548                _sbrk_r
 .text.memchr   0x08005568       0x1c /usr/lib/gcc/arm-none-eabi/16.1.0/../../../../arm-none-eabi/lib/thumb/v7-m/nofp/libc_nano.a(libc_a-memchr-stub.o)
                0x08005568                memchr
 .text.memcpy   0x08005584       0x1c /usr/lib/gcc/arm-none-eabi/16.1.0/../../../../arm-none-eabi/lib/thumb/v7-m/nofp/libc_nano.a(libc_a-memcpy-stub.o)
                0x08005584                memcpy
 .text._realloc_r
                0x080055a0       0x5a /usr/lib/gcc/arm-none-eabi/16.1.0/../../../../arm-none-eabi/lib/thumb/v7-m/nofp/libc_nano.a(libc_a-reallocr.o)
                0x080055a0                _realloc_r
 *fill*         0x080055fa        0x2 
 .text._strtol_l.isra.0
                0x080055fc       0xf4 /usr/lib/gcc/arm-none-eabi/16.1.0/../../../../arm-none-eabi/lib/thumb/v7-m/nofp/libc_nano.a(libc_a-strtol.o)
 .text._strtol_r
                0x080056f0        0x4 /usr/lib/gcc/arm-none-eabi/16.1.0/../../../../arm-none-eabi/lib/thumb/v7-m/nofp/libc_nano.a(libc_a-strtol.o)
                0x080056f0                _strtol_r
 .text._strtoul_l.isra.0
                0x080056f4       0xdc /usr/lib/gcc/arm-none-eabi/16.1.0/../../../../arm-none-eabi/lib/thumb/v7-m/nofp/libc_nano.a(libc_a-strtoul.o)
 .text._strtoul_r
                0x080057d0        0x4 /usr/lib/gcc/arm-none-eabi/16.1.0/../../../../arm-none-eabi/lib/thumb/v7-m/nofp/libc_nano.a(libc_a-strtoul.o)
                0x080057d0                _strtoul_r
 .text.__errno  0x080057d4        0xc /usr/lib/gcc/arm-none-eabi/16.1.0/../../../../arm-none-eabi/lib/thumb/v7-m/nofp/libc_nano.a(libc_a-errno.o)
                0x080057d4                __errno
 .text._malloc_usable_size_r
                0x080057e0       0x10 /usr/lib/gcc/arm-none-eabi/16.1.0/../../../../arm-none-eabi/lib/thumb/v7-m/nofp/libc_nano.a(libc_a-msizer.o)
                0x080057e0                _malloc_usable_size_r
 .text._sbrk    0x080057f0       0x1c /usr/lib/gcc/arm-none-eabi/16.1.0/../../../../arm-none-eabi/lib/thumb/v7-m/nofp/libnosys.a(sbrk.o)
                0x080057f0                _sbrk
 *(.glue_7)
 .glue_7        0x0800580c        0x0 linker stubs
 *(.glue_7t)
 .glue_7t       0x0800580c        0x0 linker stubs
 *(.eh_frame)
 .eh_frame      0x0800580c        0x0 /usr/lib/gcc/arm-none-eabi/16.1.0/thumb/v7-m/nofp/crtbegin.o
 *(.init)
 .init          0x0800580c        0x4 /usr/lib/gcc/arm-none-eabi/16.1.0/thumb/v7-m/nofp/crti.o
                0x0800580c                _init
 .init          0x08005810        0x8 /usr/lib/gcc/arm-none-eabi/16.1.0/thumb/v7-m/nofp/crtn.o
 *(.fini)
 .fini          0x08005818        0x4 /usr/lib/gcc/arm-none-eabi/16.1.0/thumb/v7-m/nofp/crti.o
                0x08005818                _fini
 .fini          0x0800581c        0x8 /usr/lib/gcc/arm-none-eabi/16.1.0/thumb/v7-m/nofp/crtn.o
                0x08005824                        . = ALIGN (0x4)
                0x08005824                        _etext = .

.vfp11_veneer   0x08005824        0x0
 .vfp11_veneer  0x08005824        0x0 linker stubs

.v4_bx          0x08005824        0x0
 .v4_bx         0x08005824        0x0 linker stubs

.iplt           0x08005824        0x0
 .iplt          0x08005824        0x0 /usr/lib/gcc/arm-none-eabi/16.1.0/thumb/v7-m/nofp/crtbegin.o

.rodata         0x08005824      0xe0c
                0x08005824                        . = ALIGN (0x4)
 *(.rodata)
 .rodata        0x08005824        0xc /usr/lib/gcc/arm-none-eabi/16.1.0/../../../../arm-none-eabi/lib/thumb/v7-m/nofp/libc_nano.a(libc_a-nano-vfscanf_i.o)
 *(.rodata*)
 .rodata.DL_LogRecord.str1.4
                0x08005830      0x686 ./OBJ/Target_1/.obj/HARDWARE/data_logger.o
                                 0x26 (size before relaxing)
 .rodata.DL_ClearAll.str1.4
                0x08005eb6        0x0 ./OBJ/Target_1/.obj/HARDWARE/data_logger.o
                                 0x24 (size before relaxing)
 .rodata.SC_ParseCommand.str1.4
                0x08005eb6        0x0 ./OBJ/Target_1/.obj/HARDWARE/serial_cmd.o
                                0x500 (size before relaxing)
 .rodata.TH_ShowCurrentValues.str1.4
                0x08005eb6        0x0 ./OBJ/Target_1/.obj/HARDWARE/thermohygrometer.o
                                 0x16 (size before relaxing)
 .rodata.TH_DrawTempCoordSystem.str1.4
                0x08005eb6        0x0 ./OBJ/Target_1/.obj/HARDWARE/thermohygrometer.o
                                  0x3 (size before relaxing)
 .rodata.TH_DrawHumiCoordSystem.str1.4
                0x08005eb6        0x0 ./OBJ/Target_1/.obj/HARDWARE/thermohygrometer.o
                                  0x5 (size before relaxing)
 .rodata.str1.4
                0x08005eb6        0x0 ./OBJ/Target_1/.obj/HARDWARE/thermohygrometer.o
                                 0x27 (size before relaxing)
 *fill*         0x08005eb6        0x2 
 .rodata.emoticon.0
                0x08005eb8       0x24 ./OBJ/Target_1/.obj/HARDWARE/thermohygrometer.o
 .rodata.ADCPrescTable
                0x08005edc        0x4 ./OBJ/Target_1/.obj/STM32F103x_FWLIB/src/stm32f10x_rcc.o
 .rodata.APBAHBPrescTable
                0x08005ee0       0x10 ./OBJ/Target_1/.obj/STM32F103x_FWLIB/src/stm32f10x_rcc.o
 .rodata.ASCII8x16_Table
                0x08005ef0      0x5f0 ./OBJ/Target_1/.obj/USER/font/fonts.o
                0x08005ef0                ASCII8x16_Table
 .rodata.Process_Sensor.str1.4
                0x080064e0        0x0 ./OBJ/Target_1/.obj/USER/main.o
                                 0x4b (size before relaxing)
 .rodata.K2_ClearAction.str1.4
                0x080064e0        0x0 ./OBJ/Target_1/.obj/USER/main.o
                                 0x2d (size before relaxing)
 .rodata.Process_Buttons.str1.4
                0x080064e0        0x0 ./OBJ/Target_1/.obj/USER/main.o
                                 0x16 (size before relaxing)
 .rodata.main.str1.4
                0x080064e0        0x0 ./OBJ/Target_1/.obj/USER/main.o
                                 0x92 (size before relaxing)
 .rodata._svfprintf_r.str1.1
                0x080064e0       0x4e /usr/lib/gcc/arm-none-eabi/16.1.0/../../../../arm-none-eabi/lib/thumb/v7-m/nofp/libc_nano.a(libc_a-nano-svfprintf.o)
                                 0x11 (size before relaxing)
 .rodata.__ssvfscanf_r.str1.1
                0x0800652e        0x0 /usr/lib/gcc/arm-none-eabi/16.1.0/../../../../arm-none-eabi/lib/thumb/v7-m/nofp/libc_nano.a(libc_a-nano-svfscanf.o)
                                  0x4 (size before relaxing)
 .rodata._vfprintf_r.str1.1
                0x0800652e        0x0 /usr/lib/gcc/arm-none-eabi/16.1.0/../../../../arm-none-eabi/lib/thumb/v7-m/nofp/libc_nano.a(libc_a-nano-vfprintf.o)
                                 0x11 (size before relaxing)
 .rodata._printf_i.str1.1
                0x0800652e        0x0 /usr/lib/gcc/arm-none-eabi/16.1.0/../../../../arm-none-eabi/lib/thumb/v7-m/nofp/libc_nano.a(libc_a-nano-vfprintf_i.o)
                                 0x22 (size before relaxing)
 .rodata._scanf_i.str1.1
                0x0800652e        0x0 /usr/lib/gcc/arm-none-eabi/16.1.0/../../../../arm-none-eabi/lib/thumb/v7-m/nofp/libc_nano.a(libc_a-nano-vfscanf_i.o)
                                 0x12 (size before relaxing)
 .rodata.str1.1
                0x0800652e        0x0 /usr/lib/gcc/arm-none-eabi/16.1.0/../../../../arm-none-eabi/lib/thumb/v7-m/nofp/libc_nano.a(libc_a-nano-vfscanf_i.o)
                                  0x9 (size before relaxing)
 .rodata._ctype_
                0x0800652e      0x101 /usr/lib/gcc/arm-none-eabi/16.1.0/../../../../arm-none-eabi/lib/thumb/v7-m/nofp/libc_nano.a(libc_a-ctype_.o)
                0x0800652e                _ctype_
                0x08006630                        . = ALIGN (0x4)
 *fill*         0x0800662f        0x1 

.ARM.extab      0x08006630        0x0
                0x08006630                        . = ALIGN (0x4)
 *(.ARM.extab* .gnu.linkonce.armextab.*)
                0x08006630                        . = ALIGN (0x4)

.ARM            0x08006630        0x8
                0x08006630                        . = ALIGN (0x4)
                0x08006630                        __exidx_start = .
 *(.ARM.exidx*)
 .ARM.exidx     0x08006630        0x8 /usr/lib/gcc/arm-none-eabi/16.1.0/../../../../arm-none-eabi/lib/thumb/v7-m/nofp/libc_nano.a(libc_a-strcmp.o)
 .ARM.exidx     0x08006638        0x0 /usr/lib/gcc/arm-none-eabi/16.1.0/../../../../arm-none-eabi/lib/thumb/v7-m/nofp/libc_nano.a(libc_a-strlen.o)
                                  0x8 (size before relaxing)
                0x08006638                        __exidx_end = .
                0x08006638                        . = ALIGN (0x4)

.rel.dyn        0x08006638        0x0
 .rel.iplt      0x08006638        0x0 /usr/lib/gcc/arm-none-eabi/16.1.0/thumb/v7-m/nofp/crtbegin.o

.preinit_array  0x08006638        0x0
                0x08006638                        . = ALIGN (0x4)
                0x08006638                        PROVIDE (__preinit_array_start = .)
 *(.preinit_array*)
                0x08006638                        PROVIDE (__preinit_array_end = .)
                0x08006638                        . = ALIGN (0x4)

.init_array     0x08006638        0x4
                0x08006638                        . = ALIGN (0x4)
                0x08006638                        PROVIDE (__init_array_start = .)
 *(SORT_BY_NAME(.init_array.*))
 *(.init_array*)
 .init_array    0x08006638        0x4 /usr/lib/gcc/arm-none-eabi/16.1.0/thumb/v7-m/nofp/crtbegin.o
                0x0800663c                        PROVIDE (__init_array_end = .)
                0x0800663c                        . = ALIGN (0x4)

.fini_array     0x0800663c        0x4
                0x0800663c                        . = ALIGN (0x4)
                0x0800663c                        PROVIDE (__fini_array_start = .)
 *(SORT_BY_NAME(.fini_array.*))
 *(.fini_array*)
 .fini_array    0x0800663c        0x4 /usr/lib/gcc/arm-none-eabi/16.1.0/thumb/v7-m/nofp/crtbegin.o
                0x08006640                        PROVIDE (__fini_array_end = .)
                0x08006640                        . = ALIGN (0x4)
                0x08006640                        _sidata = LOADADDR (.data)

.data           0x20000000       0x84 load address 0x08006640
                0x20000000                        . = ALIGN (0x4)
                0x20000000                        _sdata = .
 *(.data)
 *(.data*)
 .data.SPITimeout
                0x20000000        0x4 ./OBJ/Target_1/.obj/HARDWARE/bsp_spi_flash.o
 .data.g_humi_max
                0x20000004        0x2 ./OBJ/Target_1/.obj/HARDWARE/serial_cmd.o
 .data.g_humi_min
                0x20000006        0x2 ./OBJ/Target_1/.obj/HARDWARE/serial_cmd.o
 .data.g_temp_max
                0x20000008        0x2 ./OBJ/Target_1/.obj/HARDWARE/serial_cmd.o
 .data.g_temp_min
                0x2000000a        0x2 ./OBJ/Target_1/.obj/HARDWARE/serial_cmd.o
 .data.Font8x16
                0x2000000c        0x8 ./OBJ/Target_1/.obj/USER/font/fonts.o
                0x2000000c                Font8x16
 .data.CurrentBackColor
                0x20000014        0x2 ./OBJ/Target_1/.obj/USER/lcd/bsp_ili9341_lcd.o
 *fill*         0x20000016        0x2 
 .data.LCD_Currentfonts
                0x20000018        0x4 ./OBJ/Target_1/.obj/USER/lcd/bsp_ili9341_lcd.o
 .data.LCD_SCAN_MODE
                0x2000001c        0x1 ./OBJ/Target_1/.obj/USER/lcd/bsp_ili9341_lcd.o
                0x2000001c                LCD_SCAN_MODE
 *fill*         0x2000001d        0x1 
 .data.LCD_Y_LENGTH
                0x2000001e        0x2 ./OBJ/Target_1/.obj/USER/lcd/bsp_ili9341_lcd.o
                0x2000001e                LCD_Y_LENGTH
 .data.LCD_X_LENGTH
                0x20000020        0x2 ./OBJ/Target_1/.obj/USER/lcd/bsp_ili9341_lcd.o
                0x20000020                LCD_X_LENGTH
 *fill*         0x20000022        0x2 
 .data.SystemCoreClock
                0x20000024        0x4 ./OBJ/Target_1/.obj/USER/system_stm32f10x.o
                0x20000024                SystemCoreClock
 .data.__sglue  0x20000028        0xc /usr/lib/gcc/arm-none-eabi/16.1.0/../../../../arm-none-eabi/lib/thumb/v7-m/nofp/libc_nano.a(libc_a-findfp.o)
                0x20000028                __sglue
 .data._impure_ptr
                0x20000034        0x4 /usr/lib/gcc/arm-none-eabi/16.1.0/../../../../arm-none-eabi/lib/thumb/v7-m/nofp/libc_nano.a(libc_a-impure.o)
                0x20000034                _impure_ptr
 .data._impure_data
                0x20000038       0x4c /usr/lib/gcc/arm-none-eabi/16.1.0/../../../../arm-none-eabi/lib/thumb/v7-m/nofp/libc_nano.a(libc_a-impure.o)
                0x20000038                _impure_data
 *(.RamFunc)
 *(.RamFunc*)
                0x20000084                        . = ALIGN (0x4)
                0x20000084                        _edata = .

.igot.plt       0x20000084        0x0 load address 0x080066c4
 .igot.plt      0x20000084        0x0 /usr/lib/gcc/arm-none-eabi/16.1.0/thumb/v7-m/nofp/crtbegin.o
                0x20000084                        . = ALIGN (0x4)

.bss            0x20000084      0x3c8 load address 0x080066c4
                0x20000084                        _sbss = .
                0x20000084                        __bss_start__ = _sbss
 *(.bss)
 *(.bss*)
 .bss.completed.1
                0x20000084        0x1 /usr/lib/gcc/arm-none-eabi/16.1.0/thumb/v7-m/nofp/crtbegin.o
 *fill*         0x20000085        0x3 
 .bss.object.0  0x20000088       0x18 /usr/lib/gcc/arm-none-eabi/16.1.0/thumb/v7-m/nofp/crtbegin.o
 .bss.prev_alarm.0
                0x200000a0        0x1 ./OBJ/Target_1/.obj/HARDWARE/alarm.o
 .bss.g_beep_subtick
                0x200000a1        0x1 ./OBJ/Target_1/.obj/HARDWARE/alarm.o
 .bss.g_beep_phase
                0x200000a2        0x1 ./OBJ/Target_1/.obj/HARDWARE/alarm.o
 .bss.g_fan_manual
                0x200000a3        0x1 ./OBJ/Target_1/.obj/HARDWARE/alarm.o
 .bss.g_current_fan
                0x200000a4        0x2 ./OBJ/Target_1/.obj/HARDWARE/alarm.o
 .bss.g_target_fan
                0x200000a6        0x2 ./OBJ/Target_1/.obj/HARDWARE/alarm.o
 .bss.g_alarm_active
                0x200000a8        0x1 ./OBJ/Target_1/.obj/HARDWARE/alarm.o
 .bss.g_last_alarm_state
                0x200000a9        0x1 ./OBJ/Target_1/.obj/HARDWARE/alarm.o
 .bss.g_sector_offset
                0x200000aa        0x2 ./OBJ/Target_1/.obj/HARDWARE/data_logger.o
 .bss.g_current_sector
                0x200000ac        0x1 ./OBJ/Target_1/.obj/HARDWARE/data_logger.o
 *fill*         0x200000ad        0x3 
 .bss.g_record_count
                0x200000b0        0x4 ./OBJ/Target_1/.obj/HARDWARE/data_logger.o
 .bss.g_write_addr
                0x200000b4        0x4 ./OBJ/Target_1/.obj/HARDWARE/data_logger.o
 .bss.g_rx_tail
                0x200000b8        0x1 ./OBJ/Target_1/.obj/HARDWARE/serial_cmd.o
 .bss.g_rx_head
                0x200000b9        0x1 ./OBJ/Target_1/.obj/HARDWARE/serial_cmd.o
 *fill*         0x200000ba        0x2 
 .bss.g_rx_buf  0x200000bc       0x40 ./OBJ/Target_1/.obj/HARDWARE/serial_cmd.o
 .bss.g_saved_back_color
                0x200000fc        0x2 ./OBJ/Target_1/.obj/HARDWARE/thermohygrometer.o
 .bss.g_saved_text_color
                0x200000fe        0x2 ./OBJ/Target_1/.obj/HARDWARE/thermohygrometer.o
 .bss.g_data_valid
                0x20000100        0x1 ./OBJ/Target_1/.obj/HARDWARE/thermohygrometer.o
 *fill*         0x20000101        0x3 
 .bss.g_latest_humi
                0x20000104        0x4 ./OBJ/Target_1/.obj/HARDWARE/thermohygrometer.o
 .bss.g_latest_temp
                0x20000108        0x4 ./OBJ/Target_1/.obj/HARDWARE/thermohygrometer.o
 .bss.g_count   0x2000010c        0x2 ./OBJ/Target_1/.obj/HARDWARE/thermohygrometer.o
 .bss.g_head    0x2000010e        0x2 ./OBJ/Target_1/.obj/HARDWARE/thermohygrometer.o
 .bss.g_humi_buf
                0x20000110       0xf0 ./OBJ/Target_1/.obj/HARDWARE/thermohygrometer.o
 .bss.g_temp_buf
                0x20000200       0xf0 ./OBJ/Target_1/.obj/HARDWARE/thermohygrometer.o
 .bss.fac_ms    0x200002f0        0x2 ./OBJ/Target_1/.obj/SYSTEM/delay/delay.o
 .bss.fac_us    0x200002f2        0x1 ./OBJ/Target_1/.obj/SYSTEM/delay/delay.o
 *fill*         0x200002f3        0x1 
 .bss.read_id   0x200002f4        0x2 ./OBJ/Target_1/.obj/USER/lcd/bsp_ili9341_lcd.o
                0x200002f4                read_id
 .bss.CurrentTextColor
                0x200002f6        0x2 ./OBJ/Target_1/.obj/USER/lcd/bsp_ili9341_lcd.o
 .bss.last_alarm.0
                0x200002f8        0x1 ./OBJ/Target_1/.obj/USER/main.o
 .bss.g_paused  0x200002f9        0x1 ./OBJ/Target_1/.obj/USER/main.o
                0x200002f9                g_paused
 .bss.g_flag_30s
                0x200002fa        0x1 ./OBJ/Target_1/.obj/USER/main.o
                0x200002fa                g_flag_30s
 .bss.tick_count.0
                0x200002fb        0x1 ./OBJ/Target_1/.obj/USER/stm32f10x_it.o
 .bss.__sf      0x200002fc      0x138 /usr/lib/gcc/arm-none-eabi/16.1.0/../../../../arm-none-eabi/lib/thumb/v7-m/nofp/libc_nano.a(libc_a-findfp.o)
                0x200002fc                __sf
 .bss.__stdio_exit_handler
                0x20000434        0x4 /usr/lib/gcc/arm-none-eabi/16.1.0/../../../../arm-none-eabi/lib/thumb/v7-m/nofp/libc_nano.a(libc_a-findfp.o)
                0x20000434                __stdio_exit_handler
 .bss.__lock___malloc_recursive_mutex
                0x20000438        0x1 /usr/lib/gcc/arm-none-eabi/16.1.0/../../../../arm-none-eabi/lib/thumb/v7-m/nofp/libc_nano.a(libc_a-lock.o)
                0x20000438                __lock___malloc_recursive_mutex
 .bss.__lock___sfp_recursive_mutex
                0x20000439        0x1 /usr/lib/gcc/arm-none-eabi/16.1.0/../../../../arm-none-eabi/lib/thumb/v7-m/nofp/libc_nano.a(libc_a-lock.o)
                0x20000439                __lock___sfp_recursive_mutex
 *fill*         0x2000043a        0x2 
 .bss.__malloc_sbrk_start
                0x2000043c        0x4 /usr/lib/gcc/arm-none-eabi/16.1.0/../../../../arm-none-eabi/lib/thumb/v7-m/nofp/libc_nano.a(libc_a-mallocr.o)
                0x2000043c                __malloc_sbrk_start
 .bss.__malloc_free_list
                0x20000440        0x4 /usr/lib/gcc/arm-none-eabi/16.1.0/../../../../arm-none-eabi/lib/thumb/v7-m/nofp/libc_nano.a(libc_a-mallocr.o)
                0x20000440                __malloc_free_list
 .bss.errno     0x20000444        0x4 /usr/lib/gcc/arm-none-eabi/16.1.0/../../../../arm-none-eabi/lib/thumb/v7-m/nofp/libc_nano.a(libc_a-reent.o)
                0x20000444                errno
 .bss.heap_end.0
                0x20000448        0x4 /usr/lib/gcc/arm-none-eabi/16.1.0/../../../../arm-none-eabi/lib/thumb/v7-m/nofp/libnosys.a(sbrk.o)
 *(COMMON)
                0x2000044c                        . = ALIGN (0x4)
                0x2000044c                        _ebss = .
                0x2000044c                        __bss_end__ = _ebss

._user_heap_stack
                0x2000044c      0x604 load address 0x080066c4
                0x20000450                        . = ALIGN (0x8)
 *fill*         0x2000044c        0x4 
                0x20000450                        PROVIDE (end = .)
                [!provide]                        PROVIDE (_end = .)
                0x20000650                        . = (. + _Min_Heap_Size)
 *fill*         0x20000450      0x200 
                0x20000a50                        . = (. + _Min_Stack_Size)
 *fill*         0x20000650      0x400 
                0x20000a50                        . = ALIGN (0x8)

/DISCARD/
 *(.note.GNU-stack)
 *(.gnu_debuglink)
 *(.gnu.lto_*)

.ARM.attributes
                0x00000000       0x29
 *(.ARM.attributes)
 .ARM.attributes
                0x00000000       0x1d /usr/lib/gcc/arm-none-eabi/16.1.0/thumb/v7-m/nofp/crti.o
 .ARM.attributes
                0x0000001d       0x2d /usr/lib/gcc/arm-none-eabi/16.1.0/thumb/v7-m/nofp/crtbegin.o
 .ARM.attributes
                0x0000004a       0x21 ./OBJ/Target_1/.obj/CORE/startup_stm32f10x_hd.o
 .ARM.attributes
                0x0000006b       0x2d ./OBJ/Target_1/.obj/HARDWARE/BEEP.o
 .ARM.attributes
                0x00000098       0x2d ./OBJ/Target_1/.obj/HARDWARE/DHT11.o
 .ARM.attributes
                0x000000c5       0x2d ./OBJ/Target_1/.obj/HARDWARE/GPIO.o
 .ARM.attributes
                0x000000f2       0x2d ./OBJ/Target_1/.obj/HARDWARE/LED.o
 .ARM.attributes
                0x0000011f       0x2d ./OBJ/Target_1/.obj/HARDWARE/alarm.o
 .ARM.attributes
                0x0000014c       0x2d ./OBJ/Target_1/.obj/HARDWARE/bsp_spi_flash.o
 .ARM.attributes
                0x00000179       0x2d ./OBJ/Target_1/.obj/HARDWARE/data_logger.o
 .ARM.attributes
                0x000001a6       0x2d ./OBJ/Target_1/.obj/HARDWARE/serial_cmd.o
 .ARM.attributes
                0x000001d3       0x2d ./OBJ/Target_1/.obj/HARDWARE/thermohygrometer.o
 .ARM.attributes
                0x00000200       0x2d ./OBJ/Target_1/.obj/HARDWARE/usart_console.o
 .ARM.attributes
                0x0000022d       0x2d ./OBJ/Target_1/.obj/STM32F103x_FWLIB/src/misc.o
 .ARM.attributes
                0x0000025a       0x2d ./OBJ/Target_1/.obj/STM32F103x_FWLIB/src/stm32f10x_gpio.o
 .ARM.attributes
                0x00000287       0x2d ./OBJ/Target_1/.obj/STM32F103x_FWLIB/src/stm32f10x_rcc.o
 .ARM.attributes
                0x000002b4       0x2d ./OBJ/Target_1/.obj/STM32F103x_FWLIB/src/stm32f10x_spi.o
 .ARM.attributes
                0x000002e1       0x2d ./OBJ/Target_1/.obj/STM32F103x_FWLIB/src/stm32f10x_tim.o
 .ARM.attributes
                0x0000030e       0x2d ./OBJ/Target_1/.obj/STM32F103x_FWLIB/src/stm32f10x_usart.o
 .ARM.attributes
                0x0000033b       0x2d ./OBJ/Target_1/.obj/SYSTEM/delay/delay.o
 .ARM.attributes
                0x00000368       0x2d ./OBJ/Target_1/.obj/USER/font/fonts.o
 .ARM.attributes
                0x00000395       0x2d ./OBJ/Target_1/.obj/USER/lcd/bsp_ili9341_lcd.o
 .ARM.attributes
                0x000003c2       0x2d ./OBJ/Target_1/.obj/USER/main.o
 .ARM.attributes
                0x000003ef       0x2d ./OBJ/Target_1/.obj/USER/stm32f10x_it.o
 .ARM.attributes
                0x0000041c       0x2d ./OBJ/Target_1/.obj/USER/system_stm32f10x.o
 .ARM.attributes
                0x00000449       0x1d /usr/lib/gcc/arm-none-eabi/16.1.0/thumb/v7-m/nofp/libgcc.a(_arm_mulsf3.o)
 .ARM.attributes
                0x00000466       0x1d /usr/lib/gcc/arm-none-eabi/16.1.0/thumb/v7-m/nofp/libgcc.a(_arm_addsubsf3.o)
 .ARM.attributes
                0x00000483       0x1d /usr/lib/gcc/arm-none-eabi/16.1.0/thumb/v7-m/nofp/libgcc.a(_arm_cmpsf2.o)
 .ARM.attributes
                0x000004a0       0x1d /usr/lib/gcc/arm-none-eabi/16.1.0/thumb/v7-m/nofp/libgcc.a(_arm_fixsfsi.o)
 .ARM.attributes
                0x000004bd       0x1d /usr/lib/gcc/arm-none-eabi/16.1.0/thumb/v7-m/nofp/libgcc.a(_arm_fixunssfsi.o)
 .ARM.attributes
                0x000004da       0x2d /usr/lib/gcc/arm-none-eabi/16.1.0/../../../../arm-none-eabi/lib/thumb/v7-m/nofp/libc_nano.a(libc_a-findfp.o)
 .ARM.attributes
                0x00000507       0x2d /usr/lib/gcc/arm-none-eabi/16.1.0/../../../../arm-none-eabi/lib/thumb/v7-m/nofp/libc_nano.a(libc_a-fwalk.o)
 .ARM.attributes
                0x00000534       0x2d /usr/lib/gcc/arm-none-eabi/16.1.0/../../../../arm-none-eabi/lib/thumb/v7-m/nofp/libc_nano.a(libc_a-printf.o)
 .ARM.attributes
                0x00000561       0x2d /usr/lib/gcc/arm-none-eabi/16.1.0/../../../../arm-none-eabi/lib/thumb/v7-m/nofp/libc_nano.a(libc_a-puts.o)
 .ARM.attributes
                0x0000058e       0x2d /usr/lib/gcc/arm-none-eabi/16.1.0/../../../../arm-none-eabi/lib/thumb/v7-m/nofp/libc_nano.a(libc_a-sprintf.o)
 .ARM.attributes
                0x000005bb       0x2d /usr/lib/gcc/arm-none-eabi/16.1.0/../../../../arm-none-eabi/lib/thumb/v7-m/nofp/libc_nano.a(libc_a-sscanf.o)
 .ARM.attributes
                0x000005e8       0x2d /usr/lib/gcc/arm-none-eabi/16.1.0/../../../../arm-none-eabi/lib/thumb/v7-m/nofp/libc_nano.a(libc_a-stdio.o)
 .ARM.attributes
                0x00000615       0x2d /usr/lib/gcc/arm-none-eabi/16.1.0/../../../../arm-none-eabi/lib/thumb/v7-m/nofp/libc_nano.a(libc_a-wbuf.o)
 .ARM.attributes
                0x00000642       0x2d /usr/lib/gcc/arm-none-eabi/16.1.0/../../../../arm-none-eabi/lib/thumb/v7-m/nofp/libc_nano.a(libc_a-wsetup.o)
 .ARM.attributes
                0x0000066f       0x2d /usr/lib/gcc/arm-none-eabi/16.1.0/../../../../arm-none-eabi/lib/thumb/v7-m/nofp/libc_nano.a(libc_a-memset.o)
 .ARM.attributes
                0x0000069c       0x2d /usr/lib/gcc/arm-none-eabi/16.1.0/../../../../arm-none-eabi/lib/thumb/v7-m/nofp/libc_nano.a(libc_a-strncmp.o)
 .ARM.attributes
                0x000006c9       0x2d /usr/lib/gcc/arm-none-eabi/16.1.0/../../../../arm-none-eabi/lib/thumb/v7-m/nofp/libc_nano.a(libc_a-impure.o)
 .ARM.attributes
                0x000006f6       0x2d /usr/lib/gcc/arm-none-eabi/16.1.0/../../../../arm-none-eabi/lib/thumb/v7-m/nofp/libc_nano.a(libc_a-lock.o)
 .ARM.attributes
                0x00000723       0x1b /usr/lib/gcc/arm-none-eabi/16.1.0/../../../../arm-none-eabi/lib/thumb/v7-m/nofp/libc_nano.a(libc_a-strcmp.o)
 .ARM.attributes
                0x0000073e       0x17 /usr/lib/gcc/arm-none-eabi/16.1.0/../../../../arm-none-eabi/lib/thumb/v7-m/nofp/libc_nano.a(libc_a-strlen.o)
 .ARM.attributes
                0x00000755       0x2d /usr/lib/gcc/arm-none-eabi/16.1.0/../../../../arm-none-eabi/lib/thumb/v7-m/nofp/libc_nano.a(libc_a-freer.o)
 .ARM.attributes
                0x00000782       0x2d /usr/lib/gcc/arm-none-eabi/16.1.0/../../../../arm-none-eabi/lib/thumb/v7-m/nofp/libc_nano.a(libc_a-mallocr.o)
 .ARM.attributes
                0x000007af       0x2d /usr/lib/gcc/arm-none-eabi/16.1.0/../../../../arm-none-eabi/lib/thumb/v7-m/nofp/libc_nano.a(libc_a-mlock.o)
 .ARM.attributes
                0x000007dc       0x2d /usr/lib/gcc/arm-none-eabi/16.1.0/../../../../arm-none-eabi/lib/thumb/v7-m/nofp/libc_nano.a(libc_a-nano-svfprintf.o)
 .ARM.attributes
                0x00000809       0x2d /usr/lib/gcc/arm-none-eabi/16.1.0/../../../../arm-none-eabi/lib/thumb/v7-m/nofp/libc_nano.a(libc_a-nano-svfscanf.o)
 .ARM.attributes
                0x00000836       0x2d /usr/lib/gcc/arm-none-eabi/16.1.0/../../../../arm-none-eabi/lib/thumb/v7-m/nofp/libc_nano.a(libc_a-nano-vfprintf.o)
 .ARM.attributes
                0x00000863       0x2d /usr/lib/gcc/arm-none-eabi/16.1.0/../../../../arm-none-eabi/lib/thumb/v7-m/nofp/libc_nano.a(libc_a-nano-vfprintf_i.o)
 .ARM.attributes
                0x00000890       0x2d /usr/lib/gcc/arm-none-eabi/16.1.0/../../../../arm-none-eabi/lib/thumb/v7-m/nofp/libc_nano.a(libc_a-nano-vfscanf_i.o)
 .ARM.attributes
                0x000008bd       0x2d /usr/lib/gcc/arm-none-eabi/16.1.0/../../../../arm-none-eabi/lib/thumb/v7-m/nofp/libc_nano.a(libc_a-fflush.o)
 .ARM.attributes
                0x000008ea       0x2d /usr/lib/gcc/arm-none-eabi/16.1.0/../../../../arm-none-eabi/lib/thumb/v7-m/nofp/libc_nano.a(libc_a-makebuf.o)
 .ARM.attributes
                0x00000917       0x2d /usr/lib/gcc/arm-none-eabi/16.1.0/../../../../arm-none-eabi/lib/thumb/v7-m/nofp/libc_nano.a(libc_a-sccl.o)
 .ARM.attributes
                0x00000944       0x2d /usr/lib/gcc/arm-none-eabi/16.1.0/../../../../arm-none-eabi/lib/thumb/v7-m/nofp/libc_nano.a(libc_a-ungetc.o)
 .ARM.attributes
                0x00000971       0x2d /usr/lib/gcc/arm-none-eabi/16.1.0/../../../../arm-none-eabi/lib/thumb/v7-m/nofp/libc_nano.a(libc_a-memmove.o)
 .ARM.attributes
                0x0000099e       0x2d /usr/lib/gcc/arm-none-eabi/16.1.0/../../../../arm-none-eabi/lib/thumb/v7-m/nofp/libc_nano.a(libc_a-sbrkr.o)
 .ARM.attributes
                0x000009cb       0x2d /usr/lib/gcc/arm-none-eabi/16.1.0/../../../../arm-none-eabi/lib/thumb/v7-m/nofp/libc_nano.a(libc_a-memchr-stub.o)
 .ARM.attributes
                0x000009f8       0x2d /usr/lib/gcc/arm-none-eabi/16.1.0/../../../../arm-none-eabi/lib/thumb/v7-m/nofp/libc_nano.a(libc_a-memcpy-stub.o)
 .ARM.attributes
                0x00000a25       0x2d /usr/lib/gcc/arm-none-eabi/16.1.0/../../../../arm-none-eabi/lib/thumb/v7-m/nofp/libc_nano.a(libc_a-reallocr.o)
 .ARM.attributes
                0x00000a52       0x2d /usr/lib/gcc/arm-none-eabi/16.1.0/../../../../arm-none-eabi/lib/thumb/v7-m/nofp/libc_nano.a(libc_a-strtol.o)
 .ARM.attributes
                0x00000a7f       0x2d /usr/lib/gcc/arm-none-eabi/16.1.0/../../../../arm-none-eabi/lib/thumb/v7-m/nofp/libc_nano.a(libc_a-strtoul.o)
 .ARM.attributes
                0x00000aac       0x2d /usr/lib/gcc/arm-none-eabi/16.1.0/../../../../arm-none-eabi/lib/thumb/v7-m/nofp/libc_nano.a(libc_a-ctype_.o)
 .ARM.attributes
                0x00000ad9       0x2d /usr/lib/gcc/arm-none-eabi/16.1.0/../../../../arm-none-eabi/lib/thumb/v7-m/nofp/libc_nano.a(libc_a-reent.o)
 .ARM.attributes
                0x00000b06       0x2d /usr/lib/gcc/arm-none-eabi/16.1.0/../../../../arm-none-eabi/lib/thumb/v7-m/nofp/libc_nano.a(libc_a-errno.o)
 .ARM.attributes
                0x00000b33       0x2d /usr/lib/gcc/arm-none-eabi/16.1.0/../../../../arm-none-eabi/lib/thumb/v7-m/nofp/libc_nano.a(libc_a-msizer.o)
 .ARM.attributes
                0x00000b60       0x2d /usr/lib/gcc/arm-none-eabi/16.1.0/../../../../arm-none-eabi/lib/thumb/v7-m/nofp/libnosys.a(sbrk.o)
 .ARM.attributes
                0x00000b8d       0x1d /usr/lib/gcc/arm-none-eabi/16.1.0/thumb/v7-m/nofp/crtn.o
OUTPUT(./OBJ/Target_1/Supervisor.elf elf32-littlearm)
LOAD linker stubs

.debug_line     0x00000000     0xf674
 .debug_line    0x00000000       0x75 ./OBJ/Target_1/.obj/CORE/startup_stm32f10x_hd.o
 .debug_line    0x00000075       0xf2 ./OBJ/Target_1/.obj/HARDWARE/BEEP.o
 .debug_line    0x00000167      0x3b2 ./OBJ/Target_1/.obj/HARDWARE/DHT11.o
 .debug_line    0x00000519      0x20c ./OBJ/Target_1/.obj/HARDWARE/GPIO.o
 .debug_line    0x00000725       0xf2 ./OBJ/Target_1/.obj/HARDWARE/LED.o
 .debug_line    0x00000817      0x415 ./OBJ/Target_1/.obj/HARDWARE/alarm.o
 .debug_line    0x00000c2c      0x571 ./OBJ/Target_1/.obj/HARDWARE/bsp_spi_flash.o
 .debug_line    0x0000119d      0x42c ./OBJ/Target_1/.obj/HARDWARE/data_logger.o
 .debug_line    0x000015c9      0x60b ./OBJ/Target_1/.obj/HARDWARE/serial_cmd.o
 .debug_line    0x00001bd4      0x6fd ./OBJ/Target_1/.obj/HARDWARE/thermohygrometer.o
 .debug_line    0x000022d1      0x351 ./OBJ/Target_1/.obj/HARDWARE/usart_console.o
 .debug_line    0x00002622      0x227 ./OBJ/Target_1/.obj/STM32F103x_FWLIB/src/misc.o
 .debug_line    0x00002849      0x61f ./OBJ/Target_1/.obj/STM32F103x_FWLIB/src/stm32f10x_gpio.o
 .debug_line    0x00002e68      0x7fb ./OBJ/Target_1/.obj/STM32F103x_FWLIB/src/stm32f10x_rcc.o
 .debug_line    0x00003663      0x6ea ./OBJ/Target_1/.obj/STM32F103x_FWLIB/src/stm32f10x_spi.o
 .debug_line    0x00003d4d     0x1a1f ./OBJ/Target_1/.obj/STM32F103x_FWLIB/src/stm32f10x_tim.o
 .debug_line    0x0000576c      0x86b ./OBJ/Target_1/.obj/STM32F103x_FWLIB/src/stm32f10x_usart.o
 .debug_line    0x00005fd7      0x1d8 ./OBJ/Target_1/.obj/SYSTEM/delay/delay.o
 .debug_line    0x000061af       0xae ./OBJ/Target_1/.obj/USER/font/fonts.o
 .debug_line    0x0000625d     0x176c ./OBJ/Target_1/.obj/USER/lcd/bsp_ili9341_lcd.o
 .debug_line    0x000079c9      0x4a1 ./OBJ/Target_1/.obj/USER/main.o
 .debug_line    0x00007e6a      0x27f ./OBJ/Target_1/.obj/USER/stm32f10x_it.o
 .debug_line    0x000080e9      0x349 ./OBJ/Target_1/.obj/USER/system_stm32f10x.o
 .debug_line    0x00008432       0xbd /usr/lib/gcc/arm-none-eabi/16.1.0/thumb/v7-m/nofp/libgcc.a(_arm_mulsf3.o)
 .debug_line    0x000084ef      0x103 /usr/lib/gcc/arm-none-eabi/16.1.0/thumb/v7-m/nofp/libgcc.a(_arm_addsubsf3.o)
 .debug_line    0x000085f2       0x9a /usr/lib/gcc/arm-none-eabi/16.1.0/thumb/v7-m/nofp/libgcc.a(_arm_cmpsf2.o)
 .debug_line    0x0000868c       0x62 /usr/lib/gcc/arm-none-eabi/16.1.0/thumb/v7-m/nofp/libgcc.a(_arm_fixsfsi.o)
 .debug_line    0x000086ee       0x5e /usr/lib/gcc/arm-none-eabi/16.1.0/thumb/v7-m/nofp/libgcc.a(_arm_fixunssfsi.o)
 .debug_line    0x0000874c      0x5a3 /usr/lib/gcc/arm-none-eabi/16.1.0/../../../../arm-none-eabi/lib/thumb/v7-m/nofp/libc_nano.a(libc_a-findfp.o)
 .debug_line    0x00008cef      0x1da /usr/lib/gcc/arm-none-eabi/16.1.0/../../../../arm-none-eabi/lib/thumb/v7-m/nofp/libc_nano.a(libc_a-fwalk.o)
 .debug_line    0x00008ec9      0x1f1 /usr/lib/gcc/arm-none-eabi/16.1.0/../../../../arm-none-eabi/lib/thumb/v7-m/nofp/libc_nano.a(libc_a-printf.o)
 .debug_line    0x000090ba      0x2f5 /usr/lib/gcc/arm-none-eabi/16.1.0/../../../../arm-none-eabi/lib/thumb/v7-m/nofp/libc_nano.a(libc_a-puts.o)
 .debug_line    0x000093af      0x25a /usr/lib/gcc/arm-none-eabi/16.1.0/../../../../arm-none-eabi/lib/thumb/v7-m/nofp/libc_nano.a(libc_a-sprintf.o)
 .debug_line    0x00009609      0x2a6 /usr/lib/gcc/arm-none-eabi/16.1.0/../../../../arm-none-eabi/lib/thumb/v7-m/nofp/libc_nano.a(libc_a-sscanf.o)
 .debug_line    0x000098af      0x292 /usr/lib/gcc/arm-none-eabi/16.1.0/../../../../arm-none-eabi/lib/thumb/v7-m/nofp/libc_nano.a(libc_a-stdio.o)
 .debug_line    0x00009b41      0x25e /usr/lib/gcc/arm-none-eabi/16.1.0/../../../../arm-none-eabi/lib/thumb/v7-m/nofp/libc_nano.a(libc_a-wbuf.o)
 .debug_line    0x00009d9f      0x28a /usr/lib/gcc/arm-none-eabi/16.1.0/../../../../arm-none-eabi/lib/thumb/v7-m/nofp/libc_nano.a(libc_a-wsetup.o)
 .debug_line    0x0000a029      0x12e /usr/lib/gcc/arm-none-eabi/16.1.0/../../../../arm-none-eabi/lib/thumb/v7-m/nofp/libc_nano.a(libc_a-memset.o)
 .debug_line    0x0000a157      0x14d /usr/lib/gcc/arm-none-eabi/16.1.0/../../../../arm-none-eabi/lib/thumb/v7-m/nofp/libc_nano.a(libc_a-strncmp.o)
 .debug_line    0x0000a2a4      0x108 /usr/lib/gcc/arm-none-eabi/16.1.0/../../../../arm-none-eabi/lib/thumb/v7-m/nofp/libc_nano.a(libc_a-impure.o)
 .debug_line    0x0000a3ac      0x17d /usr/lib/gcc/arm-none-eabi/16.1.0/../../../../arm-none-eabi/lib/thumb/v7-m/nofp/libc_nano.a(libc_a-lock.o)
 .debug_line    0x0000a529       0x50 /usr/lib/gcc/arm-none-eabi/16.1.0/../../../../arm-none-eabi/lib/thumb/v7-m/nofp/libc_nano.a(libc_a-strcmp.o)
 .debug_line    0x0000a579       0x4f /usr/lib/gcc/arm-none-eabi/16.1.0/../../../../arm-none-eabi/lib/thumb/v7-m/nofp/libc_nano.a(libc_a-strlen.o)
 .debug_line    0x0000a5c8      0x2b2 /usr/lib/gcc/arm-none-eabi/16.1.0/../../../../arm-none-eabi/lib/thumb/v7-m/nofp/libc_nano.a(libc_a-freer.o)
 .debug_line    0x0000a87a      0x49b /usr/lib/gcc/arm-none-eabi/16.1.0/../../../../arm-none-eabi/lib/thumb/v7-m/nofp/libc_nano.a(libc_a-mallocr.o)
 .debug_line    0x0000ad15      0x18a /usr/lib/gcc/arm-none-eabi/16.1.0/../../../../arm-none-eabi/lib/thumb/v7-m/nofp/libc_nano.a(libc_a-mlock.o)
 .debug_line    0x0000ae9f      0x81d /usr/lib/gcc/arm-none-eabi/16.1.0/../../../../arm-none-eabi/lib/thumb/v7-m/nofp/libc_nano.a(libc_a-nano-svfprintf.o)
 .debug_line    0x0000b6bc      0x769 /usr/lib/gcc/arm-none-eabi/16.1.0/../../../../arm-none-eabi/lib/thumb/v7-m/nofp/libc_nano.a(libc_a-nano-svfscanf.o)
 .debug_line    0x0000be25      0x660 /usr/lib/gcc/arm-none-eabi/16.1.0/../../../../arm-none-eabi/lib/thumb/v7-m/nofp/libc_nano.a(libc_a-nano-vfprintf.o)
 .debug_line    0x0000c485      0x6b1 /usr/lib/gcc/arm-none-eabi/16.1.0/../../../../arm-none-eabi/lib/thumb/v7-m/nofp/libc_nano.a(libc_a-nano-vfprintf_i.o)
 .debug_line    0x0000cb36      0x6c4 /usr/lib/gcc/arm-none-eabi/16.1.0/../../../../arm-none-eabi/lib/thumb/v7-m/nofp/libc_nano.a(libc_a-nano-vfscanf_i.o)
 .debug_line    0x0000d1fa      0x429 /usr/lib/gcc/arm-none-eabi/16.1.0/../../../../arm-none-eabi/lib/thumb/v7-m/nofp/libc_nano.a(libc_a-fflush.o)
 .debug_line    0x0000d623      0x349 /usr/lib/gcc/arm-none-eabi/16.1.0/../../../../arm-none-eabi/lib/thumb/v7-m/nofp/libc_nano.a(libc_a-makebuf.o)
 .debug_line    0x0000d96c      0x195 /usr/lib/gcc/arm-none-eabi/16.1.0/../../../../arm-none-eabi/lib/thumb/v7-m/nofp/libc_nano.a(libc_a-sccl.o)
 .debug_line    0x0000db01      0x44a /usr/lib/gcc/arm-none-eabi/16.1.0/../../../../arm-none-eabi/lib/thumb/v7-m/nofp/libc_nano.a(libc_a-ungetc.o)
 .debug_line    0x0000df4b      0x177 /usr/lib/gcc/arm-none-eabi/16.1.0/../../../../arm-none-eabi/lib/thumb/v7-m/nofp/libc_nano.a(libc_a-memmove.o)
 .debug_line    0x0000e0c2      0x1bc /usr/lib/gcc/arm-none-eabi/16.1.0/../../../../arm-none-eabi/lib/thumb/v7-m/nofp/libc_nano.a(libc_a-sbrkr.o)
 .debug_line    0x0000e27e      0x191 /usr/lib/gcc/arm-none-eabi/16.1.0/../../../../arm-none-eabi/lib/thumb/v7-m/nofp/libc_nano.a(libc_a-memchr-stub.o)
 .debug_line    0x0000e40f      0x1aa /usr/lib/gcc/arm-none-eabi/16.1.0/../../../../arm-none-eabi/lib/thumb/v7-m/nofp/libc_nano.a(libc_a-memcpy-stub.o)
 .debug_line    0x0000e5b9      0x217 /usr/lib/gcc/arm-none-eabi/16.1.0/../../../../arm-none-eabi/lib/thumb/v7-m/nofp/libc_nano.a(libc_a-reallocr.o)
 .debug_line    0x0000e7d0      0x455 /usr/lib/gcc/arm-none-eabi/16.1.0/../../../../arm-none-eabi/lib/thumb/v7-m/nofp/libc_nano.a(libc_a-strtol.o)
 .debug_line    0x0000ec25      0x422 /usr/lib/gcc/arm-none-eabi/16.1.0/../../../../arm-none-eabi/lib/thumb/v7-m/nofp/libc_nano.a(libc_a-strtoul.o)
 .debug_line    0x0000f047       0xb8 /usr/lib/gcc/arm-none-eabi/16.1.0/../../../../arm-none-eabi/lib/thumb/v7-m/nofp/libc_nano.a(libc_a-ctype_.o)
 .debug_line    0x0000f0ff      0x2a4 /usr/lib/gcc/arm-none-eabi/16.1.0/../../../../arm-none-eabi/lib/thumb/v7-m/nofp/libc_nano.a(libc_a-reent.o)
 .debug_line    0x0000f3a3      0x12a /usr/lib/gcc/arm-none-eabi/16.1.0/../../../../arm-none-eabi/lib/thumb/v7-m/nofp/libc_nano.a(libc_a-errno.o)
 .debug_line    0x0000f4cd      0x1a7 /usr/lib/gcc/arm-none-eabi/16.1.0/../../../../arm-none-eabi/lib/thumb/v7-m/nofp/libc_nano.a(libc_a-msizer.o)

.debug_line_str
                0x00000000      0x189
 .debug_line_str
                0x00000000      0x189 ./OBJ/Target_1/.obj/CORE/startup_stm32f10x_hd.o
                                 0x41 (size before relaxing)
 .debug_line_str
                0x00000189        0x0 /usr/lib/gcc/arm-none-eabi/16.1.0/thumb/v7-m/nofp/libgcc.a(_arm_mulsf3.o)
                                 0x93 (size before relaxing)
 .debug_line_str
                0x00000189        0x0 /usr/lib/gcc/arm-none-eabi/16.1.0/thumb/v7-m/nofp/libgcc.a(_arm_addsubsf3.o)
                                 0x93 (size before relaxing)
 .debug_line_str
                0x00000189        0x0 /usr/lib/gcc/arm-none-eabi/16.1.0/thumb/v7-m/nofp/libgcc.a(_arm_cmpsf2.o)
                                 0x93 (size before relaxing)
 .debug_line_str
                0x00000189        0x0 /usr/lib/gcc/arm-none-eabi/16.1.0/thumb/v7-m/nofp/libgcc.a(_arm_fixsfsi.o)
                                 0x93 (size before relaxing)
 .debug_line_str
                0x00000189        0x0 /usr/lib/gcc/arm-none-eabi/16.1.0/thumb/v7-m/nofp/libgcc.a(_arm_fixunssfsi.o)
                                 0x93 (size before relaxing)
 .debug_line_str
                0x00000189        0x0 /usr/lib/gcc/arm-none-eabi/16.1.0/../../../../arm-none-eabi/lib/thumb/v7-m/nofp/libc_nano.a(libc_a-strcmp.o)
                                 0xa2 (size before relaxing)
 .debug_line_str
                0x00000189        0x0 /usr/lib/gcc/arm-none-eabi/16.1.0/../../../../arm-none-eabi/lib/thumb/v7-m/nofp/libc_nano.a(libc_a-strlen.o)
                                 0xa3 (size before relaxing)

.debug_info     0x00000000    0x21f47
 .debug_info    0x00000000       0x30 ./OBJ/Target_1/.obj/CORE/startup_stm32f10x_hd.o
 .debug_info    0x00000030      0x1da ./OBJ/Target_1/.obj/HARDWARE/BEEP.o
 .debug_info    0x0000020a      0x4eb ./OBJ/Target_1/.obj/HARDWARE/DHT11.o
 .debug_info    0x000006f5      0x3d4 ./OBJ/Target_1/.obj/HARDWARE/GPIO.o
 .debug_info    0x00000ac9      0x208 ./OBJ/Target_1/.obj/HARDWARE/LED.o
 .debug_info    0x00000cd1      0xd1e ./OBJ/Target_1/.obj/HARDWARE/alarm.o
 .debug_info    0x000019ef      0xe92 ./OBJ/Target_1/.obj/HARDWARE/bsp_spi_flash.o
 .debug_info    0x00002881      0x5f8 ./OBJ/Target_1/.obj/HARDWARE/data_logger.o
 .debug_info    0x00002e79      0xd50 ./OBJ/Target_1/.obj/HARDWARE/serial_cmd.o
 .debug_info    0x00003bc9     0x1271 ./OBJ/Target_1/.obj/HARDWARE/thermohygrometer.o
 .debug_info    0x00004e3a      0xf5f ./OBJ/Target_1/.obj/HARDWARE/usart_console.o
 .debug_info    0x00005d99      0x4f4 ./OBJ/Target_1/.obj/STM32F103x_FWLIB/src/misc.o
 .debug_info    0x0000628d      0x8be ./OBJ/Target_1/.obj/STM32F103x_FWLIB/src/stm32f10x_gpio.o
 .debug_info    0x00006b4b      0x8c2 ./OBJ/Target_1/.obj/STM32F103x_FWLIB/src/stm32f10x_rcc.o
 .debug_info    0x0000740d      0xa23 ./OBJ/Target_1/.obj/STM32F103x_FWLIB/src/stm32f10x_spi.o
 .debug_info    0x00007e30     0x2397 ./OBJ/Target_1/.obj/STM32F103x_FWLIB/src/stm32f10x_tim.o
 .debug_info    0x0000a1c7      0xb82 ./OBJ/Target_1/.obj/STM32F103x_FWLIB/src/stm32f10x_usart.o
 .debug_info    0x0000ad49      0x1ff ./OBJ/Target_1/.obj/SYSTEM/delay/delay.o
 .debug_info    0x0000af48      0x198 ./OBJ/Target_1/.obj/USER/font/fonts.o
 .debug_info    0x0000b0e0     0x268b ./OBJ/Target_1/.obj/USER/lcd/bsp_ili9341_lcd.o
 .debug_info    0x0000d76b      0xe17 ./OBJ/Target_1/.obj/USER/main.o
 .debug_info    0x0000e582      0x6d0 ./OBJ/Target_1/.obj/USER/stm32f10x_it.o
 .debug_info    0x0000ec52      0x439 ./OBJ/Target_1/.obj/USER/system_stm32f10x.o
 .debug_info    0x0000f08b       0x3f /usr/lib/gcc/arm-none-eabi/16.1.0/thumb/v7-m/nofp/libgcc.a(_arm_mulsf3.o)
 .debug_info    0x0000f0ca       0xca /usr/lib/gcc/arm-none-eabi/16.1.0/thumb/v7-m/nofp/libgcc.a(_arm_addsubsf3.o)
 .debug_info    0x0000f194       0xdb /usr/lib/gcc/arm-none-eabi/16.1.0/thumb/v7-m/nofp/libgcc.a(_arm_cmpsf2.o)
 .debug_info    0x0000f26f       0x3c /usr/lib/gcc/arm-none-eabi/16.1.0/thumb/v7-m/nofp/libgcc.a(_arm_fixsfsi.o)
 .debug_info    0x0000f2ab       0x3c /usr/lib/gcc/arm-none-eabi/16.1.0/thumb/v7-m/nofp/libgcc.a(_arm_fixunssfsi.o)
 .debug_info    0x0000f2e7      0xfb4 /usr/lib/gcc/arm-none-eabi/16.1.0/../../../../arm-none-eabi/lib/thumb/v7-m/nofp/libc_nano.a(libc_a-findfp.o)
 .debug_info    0x0001029b      0x7d7 /usr/lib/gcc/arm-none-eabi/16.1.0/../../../../arm-none-eabi/lib/thumb/v7-m/nofp/libc_nano.a(libc_a-fwalk.o)
 .debug_info    0x00010a72      0x846 /usr/lib/gcc/arm-none-eabi/16.1.0/../../../../arm-none-eabi/lib/thumb/v7-m/nofp/libc_nano.a(libc_a-printf.o)
 .debug_info    0x000112b8      0x955 /usr/lib/gcc/arm-none-eabi/16.1.0/../../../../arm-none-eabi/lib/thumb/v7-m/nofp/libc_nano.a(libc_a-puts.o)
 .debug_info    0x00011c0d      0x88a /usr/lib/gcc/arm-none-eabi/16.1.0/../../../../arm-none-eabi/lib/thumb/v7-m/nofp/libc_nano.a(libc_a-sprintf.o)
 .debug_info    0x00012497      0x8fb /usr/lib/gcc/arm-none-eabi/16.1.0/../../../../arm-none-eabi/lib/thumb/v7-m/nofp/libc_nano.a(libc_a-sscanf.o)
 .debug_info    0x00012d92      0xa95 /usr/lib/gcc/arm-none-eabi/16.1.0/../../../../arm-none-eabi/lib/thumb/v7-m/nofp/libc_nano.a(libc_a-stdio.o)
 .debug_info    0x00013827      0x879 /usr/lib/gcc/arm-none-eabi/16.1.0/../../../../arm-none-eabi/lib/thumb/v7-m/nofp/libc_nano.a(libc_a-wbuf.o)
 .debug_info    0x000140a0      0x7c0 /usr/lib/gcc/arm-none-eabi/16.1.0/../../../../arm-none-eabi/lib/thumb/v7-m/nofp/libc_nano.a(libc_a-wsetup.o)
 .debug_info    0x00014860       0xe5 /usr/lib/gcc/arm-none-eabi/16.1.0/../../../../arm-none-eabi/lib/thumb/v7-m/nofp/libc_nano.a(libc_a-memset.o)
 .debug_info    0x00014945       0xe3 /usr/lib/gcc/arm-none-eabi/16.1.0/../../../../arm-none-eabi/lib/thumb/v7-m/nofp/libc_nano.a(libc_a-strncmp.o)
 .debug_info    0x00014a28      0x71a /usr/lib/gcc/arm-none-eabi/16.1.0/../../../../arm-none-eabi/lib/thumb/v7-m/nofp/libc_nano.a(libc_a-impure.o)
 .debug_info    0x00015142      0x21d /usr/lib/gcc/arm-none-eabi/16.1.0/../../../../arm-none-eabi/lib/thumb/v7-m/nofp/libc_nano.a(libc_a-lock.o)
 .debug_info    0x0001535f       0x31 /usr/lib/gcc/arm-none-eabi/16.1.0/../../../../arm-none-eabi/lib/thumb/v7-m/nofp/libc_nano.a(libc_a-strcmp.o)
 .debug_info    0x00015390       0x31 /usr/lib/gcc/arm-none-eabi/16.1.0/../../../../arm-none-eabi/lib/thumb/v7-m/nofp/libc_nano.a(libc_a-strlen.o)
 .debug_info    0x000153c1      0x849 /usr/lib/gcc/arm-none-eabi/16.1.0/../../../../arm-none-eabi/lib/thumb/v7-m/nofp/libc_nano.a(libc_a-freer.o)
 .debug_info    0x00015c0a      0x9c1 /usr/lib/gcc/arm-none-eabi/16.1.0/../../../../arm-none-eabi/lib/thumb/v7-m/nofp/libc_nano.a(libc_a-mallocr.o)
 .debug_info    0x000165cb      0x770 /usr/lib/gcc/arm-none-eabi/16.1.0/../../../../arm-none-eabi/lib/thumb/v7-m/nofp/libc_nano.a(libc_a-mlock.o)
 .debug_info    0x00016d3b     0x10b9 /usr/lib/gcc/arm-none-eabi/16.1.0/../../../../arm-none-eabi/lib/thumb/v7-m/nofp/libc_nano.a(libc_a-nano-svfprintf.o)
 .debug_info    0x00017df4      0xf1e /usr/lib/gcc/arm-none-eabi/16.1.0/../../../../arm-none-eabi/lib/thumb/v7-m/nofp/libc_nano.a(libc_a-nano-svfscanf.o)
 .debug_info    0x00018d12     0x1099 /usr/lib/gcc/arm-none-eabi/16.1.0/../../../../arm-none-eabi/lib/thumb/v7-m/nofp/libc_nano.a(libc_a-nano-vfprintf.o)
 .debug_info    0x00019dab      0xdf2 /usr/lib/gcc/arm-none-eabi/16.1.0/../../../../arm-none-eabi/lib/thumb/v7-m/nofp/libc_nano.a(libc_a-nano-vfprintf_i.o)
 .debug_info    0x0001ab9d      0xdc5 /usr/lib/gcc/arm-none-eabi/16.1.0/../../../../arm-none-eabi/lib/thumb/v7-m/nofp/libc_nano.a(libc_a-nano-vfscanf_i.o)
 .debug_info    0x0001b962      0x9f4 /usr/lib/gcc/arm-none-eabi/16.1.0/../../../../arm-none-eabi/lib/thumb/v7-m/nofp/libc_nano.a(libc_a-fflush.o)
 .debug_info    0x0001c356      0xb25 /usr/lib/gcc/arm-none-eabi/16.1.0/../../../../arm-none-eabi/lib/thumb/v7-m/nofp/libc_nano.a(libc_a-makebuf.o)
 .debug_info    0x0001ce7b      0x113 /usr/lib/gcc/arm-none-eabi/16.1.0/../../../../arm-none-eabi/lib/thumb/v7-m/nofp/libc_nano.a(libc_a-sccl.o)
 .debug_info    0x0001cf8e      0x9a4 /usr/lib/gcc/arm-none-eabi/16.1.0/../../../../arm-none-eabi/lib/thumb/v7-m/nofp/libc_nano.a(libc_a-ungetc.o)
 .debug_info    0x0001d932      0x114 /usr/lib/gcc/arm-none-eabi/16.1.0/../../../../arm-none-eabi/lib/thumb/v7-m/nofp/libc_nano.a(libc_a-memmove.o)
 .debug_info    0x0001da46      0x787 /usr/lib/gcc/arm-none-eabi/16.1.0/../../../../arm-none-eabi/lib/thumb/v7-m/nofp/libc_nano.a(libc_a-sbrkr.o)
 .debug_info    0x0001e1cd      0x115 /usr/lib/gcc/arm-none-eabi/16.1.0/../../../../arm-none-eabi/lib/thumb/v7-m/nofp/libc_nano.a(libc_a-memchr-stub.o)
 .debug_info    0x0001e2e2      0x126 /usr/lib/gcc/arm-none-eabi/16.1.0/../../../../arm-none-eabi/lib/thumb/v7-m/nofp/libc_nano.a(libc_a-memcpy-stub.o)
 .debug_info    0x0001e408      0x8d8 /usr/lib/gcc/arm-none-eabi/16.1.0/../../../../arm-none-eabi/lib/thumb/v7-m/nofp/libc_nano.a(libc_a-reallocr.o)
 .debug_info    0x0001ece0      0xd83 /usr/lib/gcc/arm-none-eabi/16.1.0/../../../../arm-none-eabi/lib/thumb/v7-m/nofp/libc_nano.a(libc_a-strtol.o)
 .debug_info    0x0001fa63      0xce7 /usr/lib/gcc/arm-none-eabi/16.1.0/../../../../arm-none-eabi/lib/thumb/v7-m/nofp/libc_nano.a(libc_a-strtoul.o)
 .debug_info    0x0002074a       0xbe /usr/lib/gcc/arm-none-eabi/16.1.0/../../../../arm-none-eabi/lib/thumb/v7-m/nofp/libc_nano.a(libc_a-ctype_.o)
 .debug_info    0x00020808      0x8a6 /usr/lib/gcc/arm-none-eabi/16.1.0/../../../../arm-none-eabi/lib/thumb/v7-m/nofp/libc_nano.a(libc_a-reent.o)
 .debug_info    0x000210ae      0x700 /usr/lib/gcc/arm-none-eabi/16.1.0/../../../../arm-none-eabi/lib/thumb/v7-m/nofp/libc_nano.a(libc_a-errno.o)
 .debug_info    0x000217ae      0x799 /usr/lib/gcc/arm-none-eabi/16.1.0/../../../../arm-none-eabi/lib/thumb/v7-m/nofp/libc_nano.a(libc_a-msizer.o)

.debug_abbrev   0x00000000     0x7494
 .debug_abbrev  0x00000000       0x24 ./OBJ/Target_1/.obj/CORE/startup_stm32f10x_hd.o
 .debug_abbrev  0x00000024       0xf2 ./OBJ/Target_1/.obj/HARDWARE/BEEP.o
 .debug_abbrev  0x00000116      0x21c ./OBJ/Target_1/.obj/HARDWARE/DHT11.o
 .debug_abbrev  0x00000332      0x18c ./OBJ/Target_1/.obj/HARDWARE/GPIO.o
 .debug_abbrev  0x000004be      0x112 ./OBJ/Target_1/.obj/HARDWARE/LED.o
 .debug_abbrev  0x000005d0      0x24f ./OBJ/Target_1/.obj/HARDWARE/alarm.o
 .debug_abbrev  0x0000081f      0x23d ./OBJ/Target_1/.obj/HARDWARE/bsp_spi_flash.o
 .debug_abbrev  0x00000a5c      0x1df ./OBJ/Target_1/.obj/HARDWARE/data_logger.o
 .debug_abbrev  0x00000c3b      0x308 ./OBJ/Target_1/.obj/HARDWARE/serial_cmd.o
 .debug_abbrev  0x00000f43      0x2a2 ./OBJ/Target_1/.obj/HARDWARE/thermohygrometer.o
 .debug_abbrev  0x000011e5      0x270 ./OBJ/Target_1/.obj/HARDWARE/usart_console.o
 .debug_abbrev  0x00001455      0x1a4 ./OBJ/Target_1/.obj/STM32F103x_FWLIB/src/misc.o
 .debug_abbrev  0x000015f9      0x250 ./OBJ/Target_1/.obj/STM32F103x_FWLIB/src/stm32f10x_gpio.o
 .debug_abbrev  0x00001849      0x20d ./OBJ/Target_1/.obj/STM32F103x_FWLIB/src/stm32f10x_rcc.o
 .debug_abbrev  0x00001a56      0x222 ./OBJ/Target_1/.obj/STM32F103x_FWLIB/src/stm32f10x_spi.o
 .debug_abbrev  0x00001c78      0x22a ./OBJ/Target_1/.obj/STM32F103x_FWLIB/src/stm32f10x_tim.o
 .debug_abbrev  0x00001ea2      0x209 ./OBJ/Target_1/.obj/STM32F103x_FWLIB/src/stm32f10x_usart.o
 .debug_abbrev  0x000020ab      0x14f ./OBJ/Target_1/.obj/SYSTEM/delay/delay.o
 .debug_abbrev  0x000021fa       0xc8 ./OBJ/Target_1/.obj/USER/font/fonts.o
 .debug_abbrev  0x000022c2      0x382 ./OBJ/Target_1/.obj/USER/lcd/bsp_ili9341_lcd.o
 .debug_abbrev  0x00002644      0x2c4 ./OBJ/Target_1/.obj/USER/main.o
 .debug_abbrev  0x00002908      0x1a1 ./OBJ/Target_1/.obj/USER/stm32f10x_it.o
 .debug_abbrev  0x00002aa9      0x1c7 ./OBJ/Target_1/.obj/USER/system_stm32f10x.o